<html>
<body>
<pre>
<h1>礦ision Build Log</h1>
<h2>Tool Versions:</h2>
IDE-Version: μVision V5.14.0.0
Copyright (C) 2015 ARM Ltd and ARM Germany GmbH. All rights reserved.
License Information: Wong noubo, ChineseErzhong, LIC=S5IHL-0FN4H-FZZWU-SYVVN-Q16VI-BQP5X
 
Tool Versions:
Toolchain:       MDK-ARM Professional  Version: 5.14.0.0
Toolchain Path:  C:\Keil_v5\ARM\ARMCC\Bin
C Compiler:      Armcc.exe V5.05 update 1 (build 106)
Assembler:       Armasm.exe V5.05 update 1 (build 106)
Linker/Locator:  ArmLink.exe V5.05 update 1 (build 106)
Library Manager: ArmAr.exe V5.05 update 1 (build 106)
Hex Converter:   FromElf.exe V5.05 update 1 (build 106)
CPU DLL:         SARMCM3.DLL V5.14.0.0
Dialog DLL:      DCM.DLL V1.13.1.0
Target DLL:      STLink\ST-LINKIII-KEIL_SWO.dll V2.0.14.0_KEIL
Dialog DLL:      TCM.DLL V1.14.4.0
 
<h2>Project:</h2>
D:\硬件\小模块\NiRen-GPRS-SIM868mini_V1.2模块资料_20170512\配套资料\8、OneNet平台应用资料_20170810\通过GPRS发送GPS数据到OneNET平台(STM32)\USER\main.uvprojx
Project File Date:  03/11/2019

<h2>Output:</h2>
Rebuild target 'Target 1'
compiling main.c...
main.c(242): warning:  #1166-D: returning pointer to local variable
        return result;
main.c(207): warning:  #177-D: variable "lon_Onenet_double" was declared but never referenced
        float lon_Onenet_double = 0;
main.c(313): warning:  #1166-D: returning pointer to local variable
        return result;
main.c(457): warning:  #167-D: argument of type "u8 *" is incompatible with parameter of type "const char *"
                        if (strstr(USART2_RX_BUF, Response) != NULL)
main.c(460): warning:  #167-D: argument of type "u8 *" is incompatible with parameter of type "const char *restrict"
                                printf(USART2_RX_BUF);
main.c(469): warning:  #167-D: argument of type "u8 *" is incompatible with parameter of type "const char *restrict"
        printf(USART2_RX_BUF);
main.c: 6 warnings, 0 errors
compiling stm32f10x_it.c...
compiling system_stm32f10x.c...
compiling LED.c...
compiling usart2.c...
compiling core_cm3.c...
assembling startup_stm32f10x_md.s...
compiling misc.c...
compiling stm32f10x_gpio.c...
compiling stm32f10x_rcc.c...
compiling stm32f10x_usart.c...
compiling stm32f10x_dma.c...
compiling stm32f10x_tim.c...
compiling delay.c...
compiling sys.c...
compiling usart.c...
linking...
Program Size: Code=20576 RO-data=900 RW-data=136 ZI-data=3160  
FromELF: creating hex file...
"..\OBJ\main.axf" - 0 Error(s), 6 Warning(s).

<h2>Software Packages used:</h2>

Package Vendor: ARM
                http://www.keil.com/pack/ARM.CMSIS.4.2.0.pack
                ARM::CMSIS:CORE:3.40.0
                CMSIS (Cortex Microcontroller Software Interface Standard)
   * Component: CORE Version: 3.40.0

<h2>Collection of Component include folders:</h2>
  D:\硬件\小模块\NiRen-GPRS-SIM868mini_V1.2模块资料_20170512\配套资料\8、OneNet平台应用资料_20170810\通过GPRS发送GPS数据到OneNET平台(STM32)\USER\RTE
  C:\Keil_v5\ARM\PACK\ARM\CMSIS\4.2.0\CMSIS\Include
  C:\Keil_v5\ARM\PACK\Keil\STM32F1xx_DFP\1.0.5\Device\Include

<h2>Collection of Component Files used:</h2>

   * Component: ARM::CMSIS:CORE:3.40.0
      Source file:   CMSIS\UserCodeTemplates\ARM\ITM_Retarget.c
</pre>
</body>
</html>
