Component: ARM Compiler 5.05 update 1 (build 106) Tool: armlink [4d0efa]

==============================================================================

Section Cross References

    main.o(.text) refers to _printf_percent.o(.ARM.Collect$$_printf_percent$$00000000) for _printf_percent
    main.o(.text) refers to _printf_d.o(.ARM.Collect$$_printf_percent$$00000009) for _printf_d
    main.o(.text) refers to _printf_dec.o(.text) for _printf_int_dec
    main.o(.text) refers to _scanf_int.o(.text) for _scanf_int
    main.o(.text) refers to _printf_s.o(.ARM.Collect$$_printf_percent$$00000014) for _printf_s
    main.o(.text) refers to _printf_str.o(.text) for _printf_str
    main.o(.text) refers to usart2.o(.text) for USART2_CLR_Buf
    main.o(.text) refers to __2printf.o(.text) for __2printf
    main.o(.text) refers to delay.o(.text) for delay_ms
    main.o(.text) refers to strstr.o(.text) for strstr
    main.o(.text) refers to printf.o(.text) for printf
    main.o(.text) refers to __0sscanf.o(.text) for __0sscanf
    main.o(.text) refers to strlen.o(.text) for strlen
    main.o(.text) refers to __2sprintf.o(.text) for __2sprintf
    main.o(.text) refers to strcat.o(.text) for strcat
    main.o(.text) refers to rt_memclr_w.o(.text) for __aeabi_memclr4
    main.o(.text) refers to strcpy.o(.text) for strcpy
    main.o(.text) refers to main.o(.data) for Time_Cont
    main.o(.text) refers to usart2.o(.bss) for USART2_RX_BUF
    main.o(.text) refers to main.o(.constdata) for .constdata
    main.o(.text) refers to main.o(.conststring) for .conststring
    main.o(.text) refers to rt_memcpy_v6.o(.text) for __aeabi_memcpy
    main.o(.text) refers to sys.o(.text) for NVIC_Configuration
    main.o(.text) refers to usart.o(.text) for uart_init
    main.o(.text) refers to led.o(.text) for Init_LEDpin
    main.o(.text) refers to usart.o(.bss) for Save_Data
    system_stm32f10x.o(.text) refers to system_stm32f10x.o(.data) for SystemCoreClock
    led.o(.text) refers to stm32f10x_rcc.o(.text) for RCC_APB2PeriphClockCmd
    led.o(.text) refers to stm32f10x_gpio.o(.text) for GPIO_Init
    usart2.o(.text) refers to stm32f10x_tim.o(.text) for TIM_SetCounter
    usart2.o(.text) refers to stm32f10x_usart.o(.text) for USART_GetITStatus
    usart2.o(.text) refers to rt_memclr_w.o(.text) for __aeabi_memclr4
    usart2.o(.text) refers to stm32f10x_rcc.o(.text) for RCC_APB1PeriphClockCmd
    usart2.o(.text) refers to misc.o(.text) for NVIC_Init
    usart2.o(.text) refers to stm32f10x_dma.o(.text) for DMA_DeInit
    usart2.o(.text) refers to stm32f10x_gpio.o(.text) for GPIO_Init
    usart2.o(.text) refers to vsprintf.o(.text) for vsprintf
    usart2.o(.text) refers to strlen.o(.text) for strlen
    usart2.o(.text) refers to usart2.o(.data) for point2
    usart2.o(.text) refers to usart2.o(.bss) for USART2_RX_BUF
    startup_stm32f10x_md.o(STACK) refers (Special) to heapauxi.o(.text) for __use_two_region_memory
    startup_stm32f10x_md.o(HEAP) refers (Special) to heapauxi.o(.text) for __use_two_region_memory
    startup_stm32f10x_md.o(RESET) refers (Special) to heapauxi.o(.text) for __use_two_region_memory
    startup_stm32f10x_md.o(RESET) refers to startup_stm32f10x_md.o(STACK) for __initial_sp
    startup_stm32f10x_md.o(RESET) refers to startup_stm32f10x_md.o(.text) for Reset_Handler
    startup_stm32f10x_md.o(RESET) refers to stm32f10x_it.o(.text) for NMI_Handler
    startup_stm32f10x_md.o(RESET) refers to usart2.o(.text) for TIM4_IRQHandler
    startup_stm32f10x_md.o(RESET) refers to usart.o(.text) for USART1_IRQHandler
    startup_stm32f10x_md.o(.text) refers (Special) to heapauxi.o(.text) for __use_two_region_memory
    startup_stm32f10x_md.o(.text) refers to system_stm32f10x.o(.text) for SystemInit
    startup_stm32f10x_md.o(.text) refers to __main.o(!!!main) for __main
    startup_stm32f10x_md.o(.text) refers to startup_stm32f10x_md.o(HEAP) for Heap_Mem
    startup_stm32f10x_md.o(.text) refers to startup_stm32f10x_md.o(STACK) for Stack_Mem
    stm32f10x_gpio.o(.text) refers to stm32f10x_rcc.o(.text) for RCC_APB2PeriphResetCmd
    stm32f10x_rcc.o(.text) refers to stm32f10x_rcc.o(.data) for APBAHBPrescTable
    stm32f10x_usart.o(.text) refers to stm32f10x_rcc.o(.text) for RCC_APB2PeriphResetCmd
    stm32f10x_tim.o(.text) refers to stm32f10x_rcc.o(.text) for RCC_APB2PeriphResetCmd
    delay.o(.text) refers to misc.o(.text) for SysTick_CLKSourceConfig
    delay.o(.text) refers to system_stm32f10x.o(.data) for SystemCoreClock
    delay.o(.text) refers to delay.o(.data) for fac_us
    sys.o(.text) refers to misc.o(.text) for NVIC_PriorityGroupConfig
    usart.o(.text) refers (Special) to use_no_semi_2.o(.text) for __use_no_semihosting
    usart.o(.text) refers to rt_memclr.o(.text) for __aeabi_memclr
    usart.o(.text) refers to stm32f10x_rcc.o(.text) for RCC_APB2PeriphClockCmd
    usart.o(.text) refers to stm32f10x_gpio.o(.text) for GPIO_Init
    usart.o(.text) refers to misc.o(.text) for NVIC_Init
[...]
    .ARM.Collect$$rtentry$$0000000D          0x0800021e   Section        8  __rtentry2.o(.ARM.Collect$$rtentry$$0000000D)
    .ARM.Collect$$rtexit$$00000000           0x08000226   Section        2  rtexit.o(.ARM.Collect$$rtexit$$00000000)
    .ARM.Collect$$rtexit$$00000002           0x08000228   Section        0  rtexit2.o(.ARM.Collect$$rtexit$$00000002)
    .ARM.Collect$$rtexit$$00000003           0x08000228   Section        4  rtexit2.o(.ARM.Collect$$rtexit$$00000003)
    .ARM.Collect$$rtexit$$00000004           0x0800022c   Section        6  rtexit2.o(.ARM.Collect$$rtexit$$00000004)
    .text                                    0x08000234   Section        0  main.o(.text)
    .text                                    0x08000c1c   Section        0  stm32f10x_it.o(.text)
    .text                                    0x08000c34   Section        0  system_stm32f10x.o(.text)
    SetSysClockTo72                          0x08000c35   Thumb Code   214  system_stm32f10x.o(.text)
    SetSysClock                              0x08000d0b   Thumb Code     8  system_stm32f10x.o(.text)
    .text                                    0x08000e14   Section        0  led.o(.text)
    .text                                    0x08000e4c   Section        0  usart2.o(.text)
    .text                                    0x080010d0   Section       64  startup_stm32f10x_md.o(.text)
    .text                                    0x08001110   Section        0  misc.o(.text)
    .text                                    0x080011ec   Section        0  stm32f10x_gpio.o(.text)
    .text                                    0x08001548   Section        0  stm32f10x_rcc.o(.text)
    .text                                    0x080018ec   Section        0  stm32f10x_usart.o(.text)
    .text                                    0x08001cf4   Section        0  stm32f10x_dma.o(.text)
    .text                                    0x08001f48   Section        0  stm32f10x_tim.o(.text)
    TI4_Config                               0x080023ef   Thumb Code   130  stm32f10x_tim.o(.text)
    TI3_Config                               0x08002483   Thumb Code   122  stm32f10x_tim.o(.text)
    TI2_Config                               0x08002517   Thumb Code   130  stm32f10x_tim.o(.text)
    TI1_Config                               0x080025ab   Thumb Code   108  stm32f10x_tim.o(.text)
    .text                                    0x08002d64   Section        0  delay.o(.text)
    .text                                    0x08002e38   Section        0  sys.o(.text)
    .text                                    0x08002e44   Section        0  usart.o(.text)
    .text                                    0x08003008   Section        2  use_no_semi_2.o(.text)
    .text                                    0x0800300c   Section        0  printf.o(.text)
    .text                                    0x08003024   Section        0  vsprintf.o(.text)
    .text                                    0x08003048   Section        0  __2printf.o(.text)
    .text                                    0x08003060   Section        0  __2sprintf.o(.text)
    .text                                    0x0800308c   Section        0  _printf_str.o(.text)
    .text                                    0x080030e0   Section        0  _printf_dec.o(.text)
    .text                                    0x08003158   Section        0  __printf_flags_ss_wp.o(.text)
    .text                                    0x080032e0   Section        0  __0sscanf.o(.text)
    .text                                    0x0800331c   Section        0  _scanf_int.o(.text)
    .text                                    0x08003468   Section        0  strstr.o(.text)
    .text                                    0x0800348c   Section        0  strcpy.o(.text)
    .text                                    0x080034d4   Section        0  strlen.o(.text)
    .text                                    0x08003512   Section        0  strcat.o(.text)
    .text                                    0x0800352a   Section      138  rt_memcpy_v6.o(.text)
    .text                                    0x080035b4   Section       68  rt_memclr.o(.text)
    .text                                    0x080035f8   Section       78  rt_memclr_w.o(.text)
    .text                                    0x08003646   Section        0  heapauxi.o(.text)
    .text                                    0x0800364c   Section        2  use_no_semi.o(.text)
    .text                                    0x0800364e   Section        0  _printf_pad.o(.text)
    .text                                    0x0800369c   Section        0  _printf_truncate.o(.text)
    .text                                    0x080036c0   Section        0  _printf_intcommon.o(.text)
    .text                                    0x08003772   Section        0  _printf_charcount.o(.text)
    .text                                    0x0800379c   Section        0  _printf_char_common.o(.text)
    _printf_input_char                       0x0800379d   Thumb Code    10  _printf_char_common.o(.text)
    .text                                    0x080037cc   Section        0  _sputc.o(.text)
    .text                                    0x080037d6   Section        0  _printf_char.o(.text)
    .text                                    0x08003804   Section        0  _printf_char_file.o(.text)
    .text                                    0x08003828   Section        0  _printf_wctomb.o(.text)
    .text                                    0x080038e4   Section        0  _printf_longlong_dec.o(.text)
    .text                                    0x08003960   Section        0  _printf_oct_int_ll.o(.text)
    _printf_longlong_oct_internal            0x08003961   Thumb Code     0  _printf_oct_int_ll.o(.text)
    .text                                    0x080039d0   Section        0  _printf_hex_int_ll_ptr.o(.text)
    _printf_hex_common                       0x080039d1   Thumb Code     0  _printf_hex_int_ll_ptr.o(.text)
    .text                                    0x08003a64   Section        0  _chval.o(.text)
    .text                                    0x08003a80   Section        0  scanf_char.o(.text)
    _scanf_char_input                        0x08003a81   Thumb Code    12  scanf_char.o(.text)
    .text                                    0x08003aac   Section        0  _sgetc.o(.text)
    .text                                    0x08003aec   Section      100  rt_memcpy_w.o(.text)
    .text                                    0x08003b50   Section      138  lludiv10.o(.text)
    .text                                    0x08003bda   Section        0  isspace.o(.text)
    .text                                    0x08003bec   Section        0  _printf_fp_dec.o(.text)
    _fp_digits                               0x08003bef   Thumb Code   428  _printf_fp_dec.o(.text)
    .text                                    0x08004008   Section        0  _printf_fp_hex.o(.text)
    .text                                    0x08004304   Section        0  _printf_wchar.o(.text)
    .text                                    0x08004330   Section        0  _scanf.o(.text)
    .text                                    0x080046a4   Section        0  ferror.o(.text)
    .text                                    0x080046ac   Section        0  _wcrtomb.o(.text)
    .text                                    0x080046ec   Section       74  sys_stackheap_outer.o(.text)
    .text                                    0x08004738   Section       16  rt_ctype_table.o(.text)
    .text                                    0x08004748   Section        8  rt_locale_intlibspace.o(.text)
    .text                                    0x08004750   Section        0  _printf_fp_infnan.o(.text)
    .text                                    0x080047d0   Section        0  bigflt0.o(.text)
    .text                                    0x080048ac   Section        0  exit.o(.text)
    .text                                    0x080048b8   Section        8  libspace.o(.text)
    .text                                    0x080048c0   Section      128  strcmpv7m.o(.text)
    CL$$btod_d2e                             0x08004940   Section       62  btod.o(CL$$btod_d2e)
    CL$$btod_d2e_denorm_low                  0x0800497e   Section       70  btod.o(CL$$btod_d2e_denorm_low)
    CL$$btod_d2e_norm_op1                    0x080049c4   Section       96  btod.o(CL$$btod_d2e_norm_op1)
    CL$$btod_div_common                      0x08004a24   Section      824  btod.o(CL$$btod_div_common)
    CL$$btod_e2e                             0x08004d5c   Section      198  btod.o(CL$$btod_e2e)
    CL$$btod_ediv                            0x08004e22   Section       40  btod.o(CL$$btod_ediv)
    CL$$btod_emul                            0x08004e4a   Section       40  btod.o(CL$$btod_emul)
    CL$$btod_mult_common                     0x08004e72   Section      580  btod.o(CL$$btod_mult_common)
    i.__ARM_fpclassify                       0x080050b6   Section        0  fpclassify.o(i.__ARM_fpclassify)
    i._is_digit                              0x080050de   Section        0  __printf_wp.o(i._is_digit)
    locale$$code                             0x080050ec   Section       44  lc_numeric_c.o(locale$$code)
    locale$$code                             0x08005118   Section       44  lc_ctype_c.o(locale$$code)
    x$fpl$printf1                            0x08005144   Section        4  printf1.o(x$fpl$printf1)
    x$fpl$printf2                            0x08005148   Section        4  printf2.o(x$fpl$printf2)
    .constdata                               0x0800514c   Section        2  main.o(.constdata)
    x$fpl$usenofp                            0x0800514c   Section        0  usenofp.o(x$fpl$usenofp)
    .constdata                               0x0800514e   Section       17  __printf_flags_ss_wp.o(.constdata)
    maptable                                 0x0800514e   Data          17  __printf_flags_ss_wp.o(.constdata)
    .constdata                               0x08005160   Section        8  _printf_wctomb.o(.constdata)
    initial_mbstate                          0x08005160   Data           8  _printf_wctomb.o(.constdata)
    .constdata                               0x08005168   Section       40  _printf_hex_int_ll_ptr.o(.constdata)
    uc_hextab                                0x08005168   Data          20  _printf_hex_int_ll_ptr.o(.constdata)
    lc_hextab                                0x0800517c   Data          20  _printf_hex_int_ll_ptr.o(.constdata)
    .constdata                               0x08005190   Section       38  _printf_fp_hex.o(.constdata)
    lc_hextab                                0x08005190   Data          19  _printf_fp_hex.o(.constdata)
    uc_hextab                                0x080051a3   Data          19  _printf_fp_hex.o(.constdata)
    .constdata                               0x080051b8   Section      148  bigflt0.o(.constdata)
    tenpwrs_x                                0x080051b8   Data          60  bigflt0.o(.constdata)
    tenpwrs_i                                0x080051f4   Data          64  bigflt0.o(.constdata)
    .conststring                             0x0800524c   Section       75  main.o(.conststring)
    locale$$data                             0x080052b8   Section       28  lc_numeric_c.o(locale$$data)
    __lcnum_c_name                           0x080052bc   Data           2  lc_numeric_c.o(locale$$data)
    __lcnum_c_start                          0x080052c4   Data           0  lc_numeric_c.o(locale$$data)
    __lcnum_c_point                          0x080052d0   Data           0  lc_numeric_c.o(locale$$data)
    __lcnum_c_thousands                      0x080052d2   Data           0  lc_numeric_c.o(locale$$data)
    __lcnum_c_grouping                       0x080052d3   Data           0  lc_numeric_c.o(locale$$data)
    locale$$data                             0x080052d4   Section      272  lc_ctype_c.o(locale$$data)
    __lcnum_c_end                            0x080052d4   Data           0  lc_numeric_c.o(locale$$data)
    __lcctype_c_name                         0x080052d8   Data           2  lc_ctype_c.o(locale$$data)
    __lcctype_c_start                        0x080052e0   Data           0  lc_ctype_c.o(locale$$data)
    __lcctype_c_end                          0x080053e4   Data           0  lc_ctype_c.o(locale$$data)
    .data                                    0x20000000   Section       76  main.o(.data)
    .data                                    0x2000004c   Section       20  system_stm32f10x.o(.data)
    .data                                    0x20000060   Section        4  usart2.o(.data)
    .data                                    0x20000064   Section       20  stm32f10x_rcc.o(.data)
    APBAHBPrescTable                         0x20000064   Data          16  stm32f10x_rcc.o(.data)
    ADCPrescTable                            0x20000074   Data           4  stm32f10x_rcc.o(.data)
    .data                                    0x20000078   Section        4  delay.o(.data)
    fac_us                                   0x20000078   Data           1  delay.o(.data)
    fac_ms                                   0x2000007a   Data           2  delay.o(.data)
    .data                                    0x2000007c   Section       10  usart.o(.data)
    .bss                                     0x20000088   Section     1200  usart2.o(.bss)
    .bss                                     0x20000538   Section      321  usart.o(.bss)
    .bss                                     0x2000067c   Section       96  libspace.o(.bss)
    HEAP                                     0x200006e0   Section      512  startup_stm32f10x_md.o(HEAP)
    Heap_Mem                                 0x200006e0   Data         512  startup_stm32f10x_md.o(HEAP)
    STACK                                    0x200008e0   Section     1024  startup_stm32f10x_md.o(STACK)
    Stack_Mem                                0x200008e0   Data        1024  startup_stm32f10x_md.o(STACK)
    __initial_sp                             0x20000ce0   Data           0  startup_stm32f10x_md.o(STACK)

    Global Symbols

    Symbol Name                              Value     Ov Type        Size  Object(Section)

    BuildAttributes$$THM_ISAv4$P$D$K$B$S$PE$A:L22UL41UL21$X:L11$S22US41US21$IEEE1$IW$USESV6$~STKCKD$USESV7$~SHL$OTIME$ROPI$IEEEJ$EBA8$UX$STANDARDLIB$REQ8$PRES8$EABIv2 0x00000000   Number         0  anon$$obj.o ABSOLUTE
    __ARM_use_no_argv                        0x00000000   Number         0  main.o ABSOLUTE
    _printf_flags                            0x00000000   Number         0  printf_stubs.o ABSOLUTE
    _printf_return_value                     0x00000000   Number         0  printf_stubs.o ABSOLUTE
    _printf_sizespec                         0x00000000   Number         0  printf_stubs.o ABSOLUTE
    _printf_widthprec                        0x00000000   Number         0  printf_stubs.o ABSOLUTE
    __ARM_exceptions_init                     - Undefined Weak Reference
    __alloca_initialize                       - Undefined Weak Reference
    __arm_preinit_                            - Undefined Weak Reference
    __cpp_initialize__aeabi_                  - Undefined Weak Reference
    __cxa_finalize                            - Undefined Weak Reference
    __sigvec_lookup                           - Undefined Weak Reference
    _atexit_init                              - Undefined Weak Reference
    _call_atexit_fns                          - Undefined Weak Reference
    _clock_init                               - Undefined Weak Reference
    _fp_trap_init                             - Undefined Weak Reference
    _fp_trap_shutdown                         - Undefined Weak Reference
    _get_lc_collate                           - Undefined Weak Reference
    _get_lc_monetary                          - Undefined Weak Reference
    _get_lc_time                              - Undefined Weak Reference
    _getenv_init                              - Undefined Weak Reference
    _handle_redirection                       - Undefined Weak Reference
    _init_alloc                               - Undefined Weak Reference
    _init_user_alloc                          - Undefined Weak Reference
    _initio                                   - Undefined Weak Reference
    _mutex_acquire                            - Undefined Weak Reference
    _mutex_release                            - Undefined Weak Reference
    _printf_mbtowc                            - Undefined Weak Reference
    _printf_wc                                - Undefined Weak Reference
    _rand_init                                - Undefined Weak Reference
    _scanf_longlong                           - Undefined Weak Reference
    _scanf_mbtowc                             - Undefined Weak Reference
    _scanf_real                               - Undefined Weak Reference
    _scanf_string                             - Undefined Weak Reference
    _scanf_wctomb                             - Undefined Weak Reference
    _scanf_wstring                            - Undefined Weak Reference
    _signal_finish                            - Undefined Weak Reference
    _signal_init                              - Undefined Weak Reference
    _terminate_alloc                          - Undefined Weak Reference
    _terminate_user_alloc                     - Undefined Weak Reference
    _terminateio                              - Undefined Weak Reference
    __Vectors_Size                           0x000000ec   Number         0  startup_stm32f10x_md.o ABSOLUTE
    __Vectors                                0x08000000   Data           4  startup_stm32f10x_md.o(RESET)
    __Vectors_End                            0x080000ec   Data           0  startup_stm32f10x_md.o(RESET)
    __main                                   0x080000ed   Thumb Code     8  __main.o(!!!main)
    __scatterload                            0x080000f5   Thumb Code     0  __scatter.o(!!!scatter)
    __scatterload_rt2                        0x080000f5   Thumb Code    44  __scatter.o(!!!scatter)
    __scatterload_rt2_thumb_only             0x080000f5   Thumb Code     0  __scatter.o(!!!scatter)
    __scatterload_null                       0x08000103   Thumb Code     0  __scatter.o(!!!scatter)
    __scatterload_copy                       0x08000129   Thumb Code    26  __scatter_copy.o(!!handler_copy)
    __scatterload_zeroinit                   0x08000145   Thumb Code    28  __scatter_zi.o(!!handler_zi)
    _printf_n                                0x08000161   Thumb Code     0  _printf_n.o(.ARM.Collect$$_printf_percent$$00000001)
    _printf_percent                          0x08000161   Thumb Code     0  _printf_percent.o(.ARM.Collect$$_printf_percent$$00000000)
    _printf_p                                0x08000167   Thumb Code     0  _printf_p.o(.ARM.Collect$$_printf_percent$$00000002)
    _printf_f                                0x0800016d   Thumb Code     0  _printf_f.o(.ARM.Collect$$_printf_percent$$00000003)
    _printf_e                                0x08000173   Thumb Code     0  _printf_e.o(.ARM.Collect$$_printf_percent$$00000004)
    _printf_g                                0x08000179   Thumb Code     0  _printf_g.o(.ARM.Collect$$_printf_percent$$00000005)
    _printf_a                                0x0800017f   Thumb Code     0  _printf_a.o(.ARM.Collect$$_printf_percent$$00000006)
    _printf_ll                               0x08000185   Thumb Code     0  _printf_ll.o(.ARM.Collect$$_printf_percent$$00000007)
    _printf_i                                0x0800018f   Thumb Code     0  _printf_i.o(.ARM.Collect$$_printf_percent$$00000008)
    _printf_d                                0x08000195   Thumb Code     0  _printf_d.o(.ARM.Collect$$_printf_percent$$00000009)
    _printf_u                                0x0800019b   Thumb Code     0  _printf_u.o(.ARM.Collect$$_printf_percent$$0000000A)
    _printf_o                                0x080001a1   Thumb Code     0  _printf_o.o(.ARM.Collect$$_printf_percent$$0000000B)
    _printf_x                                0x080001a7   Thumb Code     0  _printf_x.o(.ARM.Collect$$_printf_percent$$0000000C)
    _printf_lli                              0x080001ad   Thumb Code     0  _printf_lli.o(.ARM.Collect$$_printf_percent$$0000000D)
    _printf_lld                              0x080001b3   Thumb Code     0  _printf_lld.o(.ARM.Collect$$_printf_percent$$0000000E)
    _printf_llu                              0x080001b9   Thumb Code     0  _printf_llu.o(.ARM.Collect$$_printf_percent$$0000000F)
    _printf_llo                              0x080001bf   Thumb Code     0  _printf_llo.o(.ARM.Collect$$_printf_percent$$00000010)
    _printf_llx                              0x080001c5   Thumb Code     0  _printf_llx.o(.ARM.Collect$$_printf_percent$$00000011)
    _printf_l                                0x080001cb   Thumb Code     0  _printf_l.o(.ARM.Collect$$_printf_percent$$00000012)
    _printf_c                                0x080001d5   Thumb Code     0  _printf_c.o(.ARM.Collect$$_printf_percent$$00000013)
    _printf_s                                0x080001db   Thumb Code     0  _printf_s.o(.ARM.Collect$$_printf_percent$$00000014)
    _printf_lc                               0x080001e1   Thumb Code     0  _printf_lc.o(.ARM.Collect$$_printf_percent$$00000015)
    _printf_ls                               0x080001e7   Thumb Code     0  _printf_ls.o(.ARM.Collect$$_printf_percent$$00000016)
    _printf_percent_end                      0x080001ed   Thumb Code     0  _printf_percent_end.o(.ARM.Collect$$_printf_percent$$00000017)
    __rt_lib_init                            0x080001f1   Thumb Code     0  libinit.o(.ARM.Collect$$libinit$$00000000)
    __rt_lib_init_fp_1                       0x080001f3   Thumb Code     0  libinit2.o(.ARM.Collect$$libinit$$00000002)
    __rt_lib_init_heap_1                     0x080001f3   Thumb Code     0  libinit2.o(.ARM.Collect$$libinit$$0000000A)
    __rt_lib_init_lc_common                  0x080001f3   Thumb Code     0  libinit2.o(.ARM.Collect$$libinit$$0000000F)
    __rt_lib_init_preinit_1                  0x080001f3   Thumb Code     0  libinit2.o(.ARM.Collect$$libinit$$00000004)
    __rt_lib_init_rand_1                     0x080001f3   Thumb Code     0  libinit2.o(.ARM.Collect$$libinit$$0000000E)
    __rt_lib_init_user_alloc_1               0x080001f3   Thumb Code     0  libinit2.o(.ARM.Collect$$libinit$$0000000C)
    __rt_lib_init_lc_collate_1               0x080001f9   Thumb Code     0  libinit2.o(.ARM.Collect$$libinit$$00000011)
    __rt_lib_init_lc_ctype_2                 0x080001f9   Thumb Code     0  libinit2.o(.ARM.Collect$$libinit$$00000012)
    __rt_lib_init_lc_ctype_1                 0x08000205   Thumb Code     0  libinit2.o(.ARM.Collect$$libinit$$00000013)
    __rt_lib_init_lc_monetary_1              0x08000205   Thumb Code     0  libinit2.o(.ARM.Collect$$libinit$$00000015)
    __rt_lib_init_lc_numeric_2               0x08000205   Thumb Code     0  libinit2.o(.ARM.Collect$$libinit$$00000016)
    __rt_lib_init_alloca_1                   0x0800020f   Thumb Code     0  libinit2.o(.ARM.Collect$$libinit$$0000002E)
    __rt_lib_init_argv_1                     0x0800020f   Thumb Code     0  libinit2.o(.ARM.Collect$$libinit$$0000002C)
    __rt_lib_init_atexit_1                   0x0800020f   Thumb Code     0  libinit2.o(.ARM.Collect$$libinit$$0000001B)
    __rt_lib_init_clock_1                    0x0800020f   Thumb Code     0  libinit2.o(.ARM.Collect$$libinit$$00000021)
    __rt_lib_init_cpp_1                      0x0800020f   Thumb Code     0  libinit2.o(.ARM.Collect$$libinit$$00000032)
    __rt_lib_init_exceptions_1               0x0800020f   Thumb Code     0  libinit2.o(.ARM.Collect$$libinit$$00000030)
    __rt_lib_init_fp_trap_1                  0x0800020f   Thumb Code     0  libinit2.o(.ARM.Collect$$libinit$$0000001F)
    __rt_lib_init_getenv_1                   0x0800020f   Thumb Code     0  libinit2.o(.ARM.Collect$$libinit$$00000023)
    __rt_lib_init_lc_numeric_1               0x0800020f   Thumb Code     0  libinit2.o(.ARM.Collect$$libinit$$00000017)
    __rt_lib_init_lc_time_1                  0x0800020f   Thumb Code     0  libinit2.o(.ARM.Collect$$libinit$$00000019)
    __rt_lib_init_return                     0x0800020f   Thumb Code     0  libinit2.o(.ARM.Collect$$libinit$$00000033)
    __rt_lib_init_signal_1                   0x0800020f   Thumb Code     0  libinit2.o(.ARM.Collect$$libinit$$0000001D)
    __rt_lib_init_stdio_1                    0x0800020f   Thumb Code     0  libinit2.o(.ARM.Collect$$libinit$$00000025)
    __rt_lib_shutdown                        0x08000211   Thumb Code     0  libshutdown.o(.ARM.Collect$$libshutdown$$00000000)
    __rt_lib_shutdown_fp_trap_1              0x08000213   Thumb Code     0  libshutdown2.o(.ARM.Collect$$libshutdown$$00000006)
    __rt_lib_shutdown_heap_1                 0x08000213   Thumb Code     0  libshutdown2.o(.ARM.Collect$$libshutdown$$0000000E)
    __rt_lib_shutdown_return                 0x08000213   Thumb Code     0  libshutdown2.o(.ARM.Collect$$libshutdown$$0000000F)
    __rt_lib_shutdown_signal_1               0x08000213   Thumb Code     0  libshutdown2.o(.ARM.Collect$$libshutdown$$00000009)
    __rt_lib_shutdown_stdio_1                0x08000213   Thumb Code     0  libshutdown2.o(.ARM.Collect$$libshutdown$$00000003)
    __rt_lib_shutdown_user_alloc_1           0x08000213   Thumb Code     0  libshutdown2.o(.ARM.Collect$$libshutdown$$0000000B)
    __rt_entry                               0x08000215   Thumb Code     0  __rtentry.o(.ARM.Collect$$rtentry$$00000000)
    __rt_entry_presh_1                       0x08000215   Thumb Code     0  __rtentry2.o(.ARM.Collect$$rtentry$$00000002)
    __rt_entry_sh                            0x08000215   Thumb Code     0  __rtentry4.o(.ARM.Collect$$rtentry$$00000004)
    __rt_entry_li                            0x0800021b   Thumb Code     0  __rtentry2.o(.ARM.Collect$$rtentry$$0000000A)
    __rt_entry_postsh_1                      0x0800021b   Thumb Code     0  __rtentry2.o(.ARM.Collect$$rtentry$$00000009)
    __rt_entry_main                          0x0800021f   Thumb Code     0  __rtentry2.o(.ARM.Collect$$rtentry$$0000000D)
    __rt_entry_postli_1                      0x0800021f   Thumb Code     0  __rtentry2.o(.ARM.Collect$$rtentry$$0000000C)
    __rt_exit                                0x08000227   Thumb Code     0  rtexit.o(.ARM.Collect$$rtexit$$00000000)
    __rt_exit_ls                             0x08000229   Thumb Code     0  rtexit2.o(.ARM.Collect$$rtexit$$00000003)
    __rt_exit_prels_1                        0x08000229   Thumb Code     0  rtexit2.o(.ARM.Collect$$rtexit$$00000002)
    __rt_exit_exit                           0x0800022d   Thumb Code     0  rtexit2.o(.ARM.Collect$$rtexit$$00000004)
    Sys_Soft_Reset                           0x08000235   Thumb Code     8  main.o(.text)
    sendCommand                              0x0800023d   Thumb Code   136  main.o(.text)
    errorLog                                 0x080002c5   Thumb Code    40  main.o(.text)
    Digcount                                 0x080002ed   Thumb Code    20  main.o(.text)
    latitudeToOnenetFormat                   0x08000301   Thumb Code   172  main.o(.text)
    longitudeToOnenetFormat                  0x080003ad   Thumb Code   174  main.o(.text)
    postGpsDataToOneNet                      0x0800045b   Thumb Code   806  main.o(.text)
    printGpsBuffer                           0x08000781   Thumb Code   198  main.o(.text)
    parseGpsBuffer                           0x08000847   Thumb Code   234  main.o(.text)
    main                                     0x08000931   Thumb Code   188  main.o(.text)
    sendMessage                              0x080009ed   Thumb Code   152  main.o(.text)
    phone                                    0x08000a85   Thumb Code    74  main.o(.text)
    NMI_Handler                              0x08000c1d   Thumb Code     2  stm32f10x_it.o(.text)
    HardFault_Handler                        0x08000c1f   Thumb Code     4  stm32f10x_it.o(.text)
    MemManage_Handler                        0x08000c23   Thumb Code     4  stm32f10x_it.o(.text)
    BusFault_Handler                         0x08000c27   Thumb Code     4  stm32f10x_it.o(.text)
    UsageFault_Handler                       0x08000c2b   Thumb Code     4  stm32f10x_it.o(.text)
    SVC_Handler                              0x08000c2f   Thumb Code     2  stm32f10x_it.o(.text)
    DebugMon_Handler                         0x08000c31   Thumb Code     2  stm32f10x_it.o(.text)
    PendSV_Handler                           0x08000c33   Thumb Code     2  stm32f10x_it.o(.text)
    SystemInit                               0x08000d13   Thumb Code    78  system_stm32f10x.o(.text)
    SystemCoreClockUpdate                    0x08000d61   Thumb Code   142  system_stm32f10x.o(.text)
    Init_LEDpin                              0x08000e15   Thumb Code    50  led.o(.text)
    TIM4_Set                                 0x08000e4d   Thumb Code    34  usart2.o(.text)
    USART2_IRQHandler                        0x08000e6f   Thumb Code    70  usart2.o(.text)
    USART2_CLR_Buf                           0x08000eb5   Thumb Code    20  usart2.o(.text)
    TIM4_Init                                0x08000ec9   Thumb Code    82  usart2.o(.text)
    UART_DMA_Config                          0x08000f1b   Thumb Code    72  usart2.o(.text)
    USART2_Init                              0x08000f63   Thumb Code   204  usart2.o(.text)
    UART_DMA_Enable                          0x0800102f   Thumb Code    32  usart2.o(.text)
    u2_printf                                0x0800104f   Thumb Code    56  usart2.o(.text)
    TIM4_IRQHandler                          0x08001087   Thumb Code    40  usart2.o(.text)
    Reset_Handler                            0x080010d1   Thumb Code     8  startup_stm32f10x_md.o(.text)
    SysTick_Handler                          0x080010e9   Thumb Code     2  startup_stm32f10x_md.o(.text)
    ADC1_2_IRQHandler                        0x080010eb   Thumb Code     0  startup_stm32f10x_md.o(.text)
    CAN1_RX1_IRQHandler                      0x080010eb   Thumb Code     0  startup_stm32f10x_md.o(.text)
    CAN1_SCE_IRQHandler                      0x080010eb   Thumb Code     0  startup_stm32f10x_md.o(.text)
    DMA1_Channel1_IRQHandler                 0x080010eb   Thumb Code     0  startup_stm32f10x_md.o(.text)
    DMA1_Channel2_IRQHandler                 0x080010eb   Thumb Code     0  startup_stm32f10x_md.o(.text)
    DMA1_Channel3_IRQHandler                 0x080010eb   Thumb Code     0  startup_stm32f10x_md.o(.text)
    DMA1_Channel4_IRQHandler                 0x080010eb   Thumb Code     0  startup_stm32f10x_md.o(.text)
    DMA1_Channel5_IRQHandler                 0x080010eb   Thumb Code     0  startup_stm32f10x_md.o(.text)
    DMA1_Channel6_IRQHandler                 0x080010eb   Thumb Code     0  startup_stm32f10x_md.o(.text)
    DMA1_Channel7_IRQHandler                 0x080010eb   Thumb Code     0  startup_stm32f10x_md.o(.text)
    EXTI0_IRQHandler                         0x080010eb   Thumb Code     0  startup_stm32f10x_md.o(.text)
    EXTI15_10_IRQHandler                     0x080010eb   Thumb Code     0  startup_stm32f10x_md.o(.text)
    EXTI1_IRQHandler                         0x080010eb   Thumb Code     0  startup_stm32f10x_md.o(.text)
    EXTI2_IRQHandler                         0x080010eb   Thumb Code     0  startup_stm32f10x_md.o(.text)
    EXTI3_IRQHandler                         0x080010eb   Thumb Code     0  startup_stm32f10x_md.o(.text)
    EXTI4_IRQHandler                         0x080010eb   Thumb Code     0  startup_stm32f10x_md.o(.text)
    EXTI9_5_IRQHandler                       0x080010eb   Thumb Code     0  startup_stm32f10x_md.o(.text)
    FLASH_IRQHandler                         0x080010eb   Thumb Code     0  startup_stm32f10x_md.o(.text)
    I2C1_ER_IRQHandler                       0x080010eb   Thumb Code     0  startup_stm32f10x_md.o(.text)
    I2C1_EV_IRQHandler                       0x080010eb   Thumb Code     0  startup_stm32f10x_md.o(.text)
    I2C2_ER_IRQHandler                       0x080010eb   Thumb Code     0  startup_stm32f10x_md.o(.text)
    I2C2_EV_IRQHandler                       0x080010eb   Thumb Code     0  startup_stm32f10x_md.o(.text)
    PVD_IRQHandler                           0x080010eb   Thumb Code     0  startup_stm32f10x_md.o(.text)
    RCC_IRQHandler                           0x080010eb   Thumb Code     0  startup_stm32f10x_md.o(.text)
    RTCAlarm_IRQHandler                      0x080010eb   Thumb Code     0  startup_stm32f10x_md.o(.text)
    RTC_IRQHandler                           0x080010eb   Thumb Code     0  startup_stm32f10x_md.o(.text)
    SPI1_IRQHandler                          0x080010eb   Thumb Code     0  startup_stm32f10x_md.o(.text)
    SPI2_IRQHandler                          0x080010eb   Thumb Code     0  startup_stm32f10x_md.o(.text)
    TAMPER_IRQHandler                        0x080010eb   Thumb Code     0  startup_stm32f10x_md.o(.text)
    TIM1_BRK_IRQHandler                      0x080010eb   Thumb Code     0  startup_stm32f10x_md.o(.text)
    TIM1_CC_IRQHandler                       0x080010eb   Thumb Code     0  startup_stm32f10x_md.o(.text)
    TIM1_TRG_COM_IRQHandler                  0x080010eb   Thumb Code     0  startup_stm32f10x_md.o(.text)
    TIM1_UP_IRQHandler                       0x080010eb   Thumb Code     0  startup_stm32f10x_md.o(.text)
    TIM2_IRQHandler                          0x080010eb   Thumb Code     0  startup_stm32f10x_md.o(.text)
    TIM3_IRQHandler                          0x080010eb   Thumb Code     0  startup_stm32f10x_md.o(.text)
    USART3_IRQHandler                        0x080010eb   Thumb Code     0  startup_stm32f10x_md.o(.text)
    USBWakeUp_IRQHandler                     0x080010eb   Thumb Code     0  startup_stm32f10x_md.o(.text)
    USB_HP_CAN1_TX_IRQHandler                0x080010eb   Thumb Code     0  startup_stm32f10x_md.o(.text)
    USB_LP_CAN1_RX0_IRQHandler               0x080010eb   Thumb Code     0  startup_stm32f10x_md.o(.text)
    WWDG_IRQHandler                          0x080010eb   Thumb Code     0  startup_stm32f10x_md.o(.text)
    __user_initial_stackheap                 0x080010ed   Thumb Code     0  startup_stm32f10x_md.o(.text)
    NVIC_PriorityGroupConfig                 0x08001111   Thumb Code    10  misc.o(.text)
    NVIC_Init                                0x0800111b   Thumb Code   100  misc.o(.text)
    NVIC_SetVectorTable                      0x0800117f   Thumb Code    14  misc.o(.text)
    NVIC_SystemLPConfig                      0x0800118d   Thumb Code    34  misc.o(.text)
    SysTick_CLKSourceConfig                  0x080011af   Thumb Code    40  misc.o(.text)
    GPIO_DeInit                              0x080011ed   Thumb Code   172  stm32f10x_gpio.o(.text)
    GPIO_AFIODeInit                          0x08001299   Thumb Code    20  stm32f10x_gpio.o(.text)
    GPIO_Init                                0x080012ad   Thumb Code   278  stm32f10x_gpio.o(.text)
    GPIO_StructInit                          0x080013c3   Thumb Code    16  stm32f10x_gpio.o(.text)
    GPIO_ReadInputDataBit                    0x080013d3   Thumb Code    18  stm32f10x_gpio.o(.text)
    GPIO_ReadInputData                       0x080013e5   Thumb Code     8  stm32f10x_gpio.o(.text)
    GPIO_ReadOutputDataBit                   0x080013ed   Thumb Code    18  stm32f10x_gpio.o(.text)
    GPIO_ReadOutputData                      0x080013ff   Thumb Code     8  stm32f10x_gpio.o(.text)
    GPIO_SetBits                             0x08001407   Thumb Code     4  stm32f10x_gpio.o(.text)
    GPIO_ResetBits                           0x0800140b   Thumb Code     4  stm32f10x_gpio.o(.text)
    GPIO_WriteBit                            0x0800140f   Thumb Code    10  stm32f10x_gpio.o(.text)
    GPIO_Write                               0x08001419   Thumb Code     4  stm32f10x_gpio.o(.text)
    GPIO_PinLockConfig                       0x0800141d   Thumb Code    18  stm32f10x_gpio.o(.text)
    GPIO_EventOutputConfig                   0x0800142f   Thumb Code    26  stm32f10x_gpio.o(.text)
    GPIO_EventOutputCmd                      0x08001449   Thumb Code     6  stm32f10x_gpio.o(.text)
    GPIO_PinRemapConfig                      0x0800144f   Thumb Code   138  stm32f10x_gpio.o(.text)
    GPIO_EXTILineConfig                      0x080014d9   Thumb Code    66  stm32f10x_gpio.o(.text)
    GPIO_ETH_MediaInterfaceConfig            0x0800151b   Thumb Code     8  stm32f10x_gpio.o(.text)
    RCC_DeInit                               0x08001549   Thumb Code    64  stm32f10x_rcc.o(.text)
    RCC_HSEConfig                            0x08001589   Thumb Code    70  stm32f10x_rcc.o(.text)
    RCC_GetFlagStatus                        0x080015cf   Thumb Code    56  stm32f10x_rcc.o(.text)
    RCC_WaitForHSEStartUp                    0x08001607   Thumb Code    56  stm32f10x_rcc.o(.text)
    RCC_AdjustHSICalibrationValue            0x0800163f   Thumb Code    20  stm32f10x_rcc.o(.text)
    RCC_HSICmd                               0x08001653   Thumb Code     6  stm32f10x_rcc.o(.text)
    RCC_PLLConfig                            0x08001659   Thumb Code    24  stm32f10x_rcc.o(.text)
    RCC_PLLCmd                               0x08001671   Thumb Code     6  stm32f10x_rcc.o(.text)
    RCC_SYSCLKConfig                         0x08001677   Thumb Code    18  stm32f10x_rcc.o(.text)
    RCC_GetSYSCLKSource                      0x08001689   Thumb Code    10  stm32f10x_rcc.o(.text)
    RCC_HCLKConfig                           0x08001693   Thumb Code    18  stm32f10x_rcc.o(.text)
    RCC_PCLK1Config                          0x080016a5   Thumb Code    18  stm32f10x_rcc.o(.text)
    RCC_PCLK2Config                          0x080016b7   Thumb Code    20  stm32f10x_rcc.o(.text)
    RCC_ITConfig                             0x080016cb   Thumb Code    26  stm32f10x_rcc.o(.text)
    RCC_USBCLKConfig                         0x080016e5   Thumb Code     8  stm32f10x_rcc.o(.text)
    RCC_ADCCLKConfig                         0x080016ed   Thumb Code    18  stm32f10x_rcc.o(.text)
    RCC_LSEConfig                            0x080016ff   Thumb Code    50  stm32f10x_rcc.o(.text)
    RCC_LSICmd                               0x08001731   Thumb Code     6  stm32f10x_rcc.o(.text)
    RCC_RTCCLKConfig                         0x08001737   Thumb Code    12  stm32f10x_rcc.o(.text)
    RCC_RTCCLKCmd                            0x08001743   Thumb Code     8  stm32f10x_rcc.o(.text)
    RCC_GetClocksFreq                        0x0800174b   Thumb Code   192  stm32f10x_rcc.o(.text)
    RCC_AHBPeriphClockCmd                    0x0800180b   Thumb Code    26  stm32f10x_rcc.o(.text)
    RCC_APB2PeriphClockCmd                   0x08001825   Thumb Code    26  stm32f10x_rcc.o(.text)
    RCC_APB1PeriphClockCmd                   0x0800183f   Thumb Code    26  stm32f10x_rcc.o(.text)
    RCC_APB2PeriphResetCmd                   0x08001859   Thumb Code    26  stm32f10x_rcc.o(.text)
    RCC_APB1PeriphResetCmd                   0x08001873   Thumb Code    26  stm32f10x_rcc.o(.text)
    RCC_BackupResetCmd                       0x0800188d   Thumb Code     8  stm32f10x_rcc.o(.text)
    RCC_ClockSecuritySystemCmd               0x08001895   Thumb Code     6  stm32f10x_rcc.o(.text)
    RCC_MCOConfig                            0x0800189b   Thumb Code     6  stm32f10x_rcc.o(.text)
    RCC_ClearFlag                            0x080018a1   Thumb Code    14  stm32f10x_rcc.o(.text)
    RCC_GetITStatus                          0x080018af   Thumb Code    20  stm32f10x_rcc.o(.text)
    RCC_ClearITPendingBit                    0x080018c3   Thumb Code     6  stm32f10x_rcc.o(.text)
    USART_DeInit                             0x080018ed   Thumb Code   134  stm32f10x_usart.o(.text)
    USART_Init                               0x08001973   Thumb Code   210  stm32f10x_usart.o(.text)
    USART_StructInit                         0x08001a45   Thumb Code    24  stm32f10x_usart.o(.text)
    USART_ClockInit                          0x08001a5d   Thumb Code    34  stm32f10x_usart.o(.text)
    USART_ClockStructInit                    0x08001a7f   Thumb Code    12  stm32f10x_usart.o(.text)
    USART_Cmd                                0x08001a8b   Thumb Code    24  stm32f10x_usart.o(.text)
    USART_ITConfig                           0x08001aa3   Thumb Code    74  stm32f10x_usart.o(.text)
    USART_DMACmd                             0x08001aed   Thumb Code    18  stm32f10x_usart.o(.text)
    USART_SetAddress                         0x08001aff   Thumb Code    18  stm32f10x_usart.o(.text)
    USART_WakeUpConfig                       0x08001b11   Thumb Code    18  stm32f10x_usart.o(.text)
    USART_ReceiverWakeUpCmd                  0x08001b23   Thumb Code    24  stm32f10x_usart.o(.text)
    USART_LINBreakDetectLengthConfig         0x08001b3b   Thumb Code    18  stm32f10x_usart.o(.text)
    USART_LINCmd                             0x08001b4d   Thumb Code    24  stm32f10x_usart.o(.text)
    USART_SendData                           0x08001b65   Thumb Code     8  stm32f10x_usart.o(.text)
    USART_ReceiveData                        0x08001b6d   Thumb Code    10  stm32f10x_usart.o(.text)
    USART_SendBreak                          0x08001b77   Thumb Code    10  stm32f10x_usart.o(.text)
    USART_SetGuardTime                       0x08001b81   Thumb Code    16  stm32f10x_usart.o(.text)
    USART_SetPrescaler                       0x08001b91   Thumb Code    16  stm32f10x_usart.o(.text)
    USART_SmartCardCmd                       0x08001ba1   Thumb Code    24  stm32f10x_usart.o(.text)
    USART_SmartCardNACKCmd                   0x08001bb9   Thumb Code    24  stm32f10x_usart.o(.text)
    USART_HalfDuplexCmd                      0x08001bd1   Thumb Code    24  stm32f10x_usart.o(.text)
    USART_OverSampling8Cmd                   0x08001be9   Thumb Code    22  stm32f10x_usart.o(.text)
    USART_OneBitMethodCmd                    0x08001bff   Thumb Code    24  stm32f10x_usart.o(.text)
    USART_IrDAConfig                         0x08001c17   Thumb Code    18  stm32f10x_usart.o(.text)
    USART_IrDACmd                            0x08001c29   Thumb Code    24  stm32f10x_usart.o(.text)
    USART_GetFlagStatus                      0x08001c41   Thumb Code    26  stm32f10x_usart.o(.text)
    USART_ClearFlag                          0x08001c5b   Thumb Code    18  stm32f10x_usart.o(.text)
    USART_GetITStatus                        0x08001c6d   Thumb Code    84  stm32f10x_usart.o(.text)
    USART_ClearITPendingBit                  0x08001cc1   Thumb Code    52  stm32f10x_usart.o(.text)
    DMA_DeInit                               0x08001cf5   Thumb Code   324  stm32f10x_dma.o(.text)
    DMA_Init                                 0x08001e39   Thumb Code    60  stm32f10x_dma.o(.text)
    DMA_StructInit                           0x08001e75   Thumb Code    26  stm32f10x_dma.o(.text)
    DMA_Cmd                                  0x08001e8f   Thumb Code    24  stm32f10x_dma.o(.text)
    DMA_ITConfig                             0x08001ea7   Thumb Code    18  stm32f10x_dma.o(.text)
    DMA_SetCurrDataCounter                   0x08001eb9   Thumb Code     4  stm32f10x_dma.o(.text)
    DMA_GetCurrDataCounter                   0x08001ebd   Thumb Code     8  stm32f10x_dma.o(.text)
    DMA_GetFlagStatus                        0x08001ec5   Thumb Code    40  stm32f10x_dma.o(.text)
    DMA_ClearFlag                            0x08001eed   Thumb Code    22  stm32f10x_dma.o(.text)
    DMA_GetITStatus                          0x08001f03   Thumb Code    40  stm32f10x_dma.o(.text)
    DMA_ClearITPendingBit                    0x08001f2b   Thumb Code    22  stm32f10x_dma.o(.text)
    TIM_DeInit                               0x08001f49   Thumb Code   424  stm32f10x_tim.o(.text)
    TIM_TimeBaseInit                         0x080020f1   Thumb Code   122  stm32f10x_tim.o(.text)
    TIM_OC1Init                              0x0800216b   Thumb Code   132  stm32f10x_tim.o(.text)
    TIM_OC2Init                              0x080021ef   Thumb Code   154  stm32f10x_tim.o(.text)
    TIM_OC3Init                              0x08002289   Thumb Code   150  stm32f10x_tim.o(.text)
    TIM_OC4Init                              0x0800231f   Thumb Code   182  stm32f10x_tim.o(.text)
    TIM_SetIC4Prescaler                      0x080023d5   Thumb Code    26  stm32f10x_tim.o(.text)
    TIM_SetIC3Prescaler                      0x08002471   Thumb Code    18  stm32f10x_tim.o(.text)
    TIM_SetIC2Prescaler                      0x080024fd   Thumb Code    26  stm32f10x_tim.o(.text)
    TIM_SetIC1Prescaler                      0x08002599   Thumb Code    18  stm32f10x_tim.o(.text)
    TIM_ICInit                               0x08002617   Thumb Code   150  stm32f10x_tim.o(.text)
    TIM_PWMIConfig                           0x080026ad   Thumb Code   124  stm32f10x_tim.o(.text)
    TIM_BDTRConfig                           0x08002729   Thumb Code    32  stm32f10x_tim.o(.text)
    TIM_TimeBaseStructInit                   0x08002749   Thumb Code    18  stm32f10x_tim.o(.text)
    TIM_OCStructInit                         0x0800275b   Thumb Code    20  stm32f10x_tim.o(.text)
    TIM_ICStructInit                         0x0800276f   Thumb Code    18  stm32f10x_tim.o(.text)
    TIM_BDTRStructInit                       0x08002781   Thumb Code    40  stm32f10x_tim.o(.text)
    TIM_Cmd                                  0x080027a9   Thumb Code    24  stm32f10x_tim.o(.text)
    TIM_CtrlPWMOutputs                       0x080027c1   Thumb Code    30  stm32f10x_tim.o(.text)
    TIM_ITConfig                             0x080027df   Thumb Code    18  stm32f10x_tim.o(.text)
    TIM_GenerateEvent                        0x080027f1   Thumb Code     4  stm32f10x_tim.o(.text)
    TIM_DMAConfig                            0x080027f5   Thumb Code    10  stm32f10x_tim.o(.text)
    TIM_DMACmd                               0x080027ff   Thumb Code    18  stm32f10x_tim.o(.text)
    TIM_InternalClockConfig                  0x08002811   Thumb Code    12  stm32f10x_tim.o(.text)
    TIM_SelectInputTrigger                   0x0800281d   Thumb Code    18  stm32f10x_tim.o(.text)
    TIM_ITRxExternalClockConfig              0x0800282f   Thumb Code    24  stm32f10x_tim.o(.text)
    TIM_TIxExternalClockConfig               0x08002847   Thumb Code    62  stm32f10x_tim.o(.text)
    TIM_ETRConfig                            0x08002885   Thumb Code    28  stm32f10x_tim.o(.text)
    TIM_ETRClockMode1Config                  0x080028a1   Thumb Code    54  stm32f10x_tim.o(.text)
    TIM_ETRClockMode2Config                  0x080028d7   Thumb Code    32  stm32f10x_tim.o(.text)
    TIM_PrescalerConfig                      0x080028f7   Thumb Code     6  stm32f10x_tim.o(.text)
    TIM_CounterModeConfig                    0x080028fd   Thumb Code    18  stm32f10x_tim.o(.text)
    TIM_EncoderInterfaceConfig               0x0800290f   Thumb Code    66  stm32f10x_tim.o(.text)
    TIM_ForcedOC1Config                      0x08002951   Thumb Code    18  stm32f10x_tim.o(.text)
    TIM_ForcedOC2Config                      0x08002963   Thumb Code    26  stm32f10x_tim.o(.text)
    TIM_ForcedOC3Config                      0x0800297d   Thumb Code    18  stm32f10x_tim.o(.text)
    TIM_ForcedOC4Config                      0x0800298f   Thumb Code    26  stm32f10x_tim.o(.text)
    TIM_ARRPreloadConfig                     0x080029a9   Thumb Code    24  stm32f10x_tim.o(.text)
    TIM_SelectCOM                            0x080029c1   Thumb Code    24  stm32f10x_tim.o(.text)
    TIM_SelectCCDMA                          0x080029d9   Thumb Code    24  stm32f10x_tim.o(.text)
    TIM_CCPreloadControl                     0x080029f1   Thumb Code    24  stm32f10x_tim.o(.text)
    TIM_OC1PreloadConfig                     0x08002a09   Thumb Code    18  stm32f10x_tim.o(.text)
    TIM_OC2PreloadConfig                     0x08002a1b   Thumb Code    26  stm32f10x_tim.o(.text)
    TIM_OC3PreloadConfig                     0x08002a35   Thumb Code    18  stm32f10x_tim.o(.text)
    TIM_OC4PreloadConfig                     0x08002a47   Thumb Code    26  stm32f10x_tim.o(.text)
    TIM_OC1FastConfig                        0x08002a61   Thumb Code    18  stm32f10x_tim.o(.text)
    TIM_OC2FastConfig                        0x08002a73   Thumb Code    26  stm32f10x_tim.o(.text)
    TIM_OC3FastConfig                        0x08002a8d   Thumb Code    18  stm32f10x_tim.o(.text)
    TIM_OC4FastConfig                        0x08002a9f   Thumb Code    26  stm32f10x_tim.o(.text)
    TIM_ClearOC1Ref                          0x08002ab9   Thumb Code    18  stm32f10x_tim.o(.text)
    TIM_ClearOC2Ref                          0x08002acb   Thumb Code    24  stm32f10x_tim.o(.text)
    TIM_ClearOC3Ref                          0x08002ae3   Thumb Code    18  stm32f10x_tim.o(.text)
    TIM_ClearOC4Ref                          0x08002af5   Thumb Code    24  stm32f10x_tim.o(.text)
    TIM_OC1PolarityConfig                    0x08002b0d   Thumb Code    18  stm32f10x_tim.o(.text)
    TIM_OC1NPolarityConfig                   0x08002b1f   Thumb Code    18  stm32f10x_tim.o(.text)
    TIM_OC2PolarityConfig                    0x08002b31   Thumb Code    26  stm32f10x_tim.o(.text)
    TIM_OC2NPolarityConfig                   0x08002b4b   Thumb Code    26  stm32f10x_tim.o(.text)
    TIM_OC3PolarityConfig                    0x08002b65   Thumb Code    26  stm32f10x_tim.o(.text)
    TIM_OC3NPolarityConfig                   0x08002b7f   Thumb Code    26  stm32f10x_tim.o(.text)
    TIM_OC4PolarityConfig                    0x08002b99   Thumb Code    26  stm32f10x_tim.o(.text)
    TIM_CCxCmd                               0x08002bb3   Thumb Code    30  stm32f10x_tim.o(.text)
    TIM_CCxNCmd                              0x08002bd1   Thumb Code    30  stm32f10x_tim.o(.text)
    TIM_SelectOCxM                           0x08002bef   Thumb Code    82  stm32f10x_tim.o(.text)
    TIM_UpdateDisableConfig                  0x08002c41   Thumb Code    24  stm32f10x_tim.o(.text)
    TIM_UpdateRequestConfig                  0x08002c59   Thumb Code    24  stm32f10x_tim.o(.text)
    TIM_SelectHallSensor                     0x08002c71   Thumb Code    24  stm32f10x_tim.o(.text)
    TIM_SelectOnePulseMode                   0x08002c89   Thumb Code    18  stm32f10x_tim.o(.text)
    TIM_SelectOutputTrigger                  0x08002c9b   Thumb Code    18  stm32f10x_tim.o(.text)
    TIM_SelectSlaveMode                      0x08002cad   Thumb Code    18  stm32f10x_tim.o(.text)
    TIM_SelectMasterSlaveMode                0x08002cbf   Thumb Code    18  stm32f10x_tim.o(.text)
    TIM_SetCounter                           0x08002cd1   Thumb Code     4  stm32f10x_tim.o(.text)
    TIM_SetAutoreload                        0x08002cd5   Thumb Code     4  stm32f10x_tim.o(.text)
    TIM_SetCompare1                          0x08002cd9   Thumb Code     4  stm32f10x_tim.o(.text)
    TIM_SetCompare2                          0x08002cdd   Thumb Code     4  stm32f10x_tim.o(.text)
    TIM_SetCompare3                          0x08002ce1   Thumb Code     4  stm32f10x_tim.o(.text)
    TIM_SetCompare4                          0x08002ce5   Thumb Code     6  stm32f10x_tim.o(.text)
    TIM_SetClockDivision                     0x08002ceb   Thumb Code    18  stm32f10x_tim.o(.text)
    TIM_GetCapture1                          0x08002cfd   Thumb Code     6  stm32f10x_tim.o(.text)
    TIM_GetCapture2                          0x08002d03   Thumb Code     6  stm32f10x_tim.o(.text)
    TIM_GetCapture3                          0x08002d09   Thumb Code     6  stm32f10x_tim.o(.text)
    TIM_GetCapture4                          0x08002d0f   Thumb Code     8  stm32f10x_tim.o(.text)
    TIM_GetCounter                           0x08002d17   Thumb Code     6  stm32f10x_tim.o(.text)
    TIM_GetPrescaler                         0x08002d1d   Thumb Code     6  stm32f10x_tim.o(.text)
    TIM_GetFlagStatus                        0x08002d23   Thumb Code    18  stm32f10x_tim.o(.text)
    TIM_ClearFlag                            0x08002d35   Thumb Code     6  stm32f10x_tim.o(.text)
    TIM_GetITStatus                          0x08002d3b   Thumb Code    34  stm32f10x_tim.o(.text)
    TIM_ClearITPendingBit                    0x08002d5d   Thumb Code     6  stm32f10x_tim.o(.text)
    delay_init                               0x08002d65   Thumb Code    50  delay.o(.text)
    delay_us                                 0x08002d97   Thumb Code    72  delay.o(.text)
    delay_ms                                 0x08002ddf   Thumb Code    72  delay.o(.text)
    NVIC_Configuration                       0x08002e39   Thumb Code    12  sys.o(.text)
    _sys_exit                                0x08002e45   Thumb Code     4  usart.o(.text)
    fputc                                    0x08002e49   Thumb Code    24  usart.o(.text)
    CLR_Buf                                  0x08002e61   Thumb Code    18  usart.o(.text)
    uart_init                                0x08002e73   Thumb Code   156  usart.o(.text)
    USART1_IRQHandler                        0x08002f0f   Thumb Code   134  usart.o(.text)
    Hand                                     0x08002f95   Thumb Code    22  usart.o(.text)
    clrStruct                                0x08002fab   Thumb Code    72  usart.o(.text)
    __use_no_semihosting                     0x08003009   Thumb Code     2  use_no_semi_2.o(.text)
    printf                                   0x0800300d   Thumb Code    20  printf.o(.text)
    vsprintf                                 0x08003025   Thumb Code    32  vsprintf.o(.text)
    __2printf                                0x08003049   Thumb Code    20  __2printf.o(.text)
    __2sprintf                               0x08003061   Thumb Code    38  __2sprintf.o(.text)
    _printf_str                              0x0800308d   Thumb Code    82  _printf_str.o(.text)
    _printf_int_dec                          0x080030e1   Thumb Code   104  _printf_dec.o(.text)
    __printf                                 0x08003159   Thumb Code   388  __printf_flags_ss_wp.o(.text)
    __0sscanf                                0x080032e1   Thumb Code    52  __0sscanf.o(.text)
    _scanf_int                               0x0800331d   Thumb Code   332  _scanf_int.o(.text)
    strstr                                   0x08003469   Thumb Code    36  strstr.o(.text)
    strcpy                                   0x0800348d   Thumb Code    72  strcpy.o(.text)
    strlen                                   0x080034d5   Thumb Code    62  strlen.o(.text)
    strcat                                   0x08003513   Thumb Code    24  strcat.o(.text)
    __aeabi_memcpy                           0x0800352b   Thumb Code     0  rt_memcpy_v6.o(.text)
    __rt_memcpy                              0x0800352b   Thumb Code   138  rt_memcpy_v6.o(.text)
    _memcpy_lastbytes                        0x08003591   Thumb Code     0  rt_memcpy_v6.o(.text)
    __aeabi_memclr                           0x080035b5   Thumb Code     0  rt_memclr.o(.text)
    __rt_memclr                              0x080035b5   Thumb Code    68  rt_memclr.o(.text)
    _memset                                  0x080035b9   Thumb Code     0  rt_memclr.o(.text)
    __aeabi_memclr4                          0x080035f9   Thumb Code     0  rt_memclr_w.o(.text)
    __aeabi_memclr8                          0x080035f9   Thumb Code     0  rt_memclr_w.o(.text)
    __rt_memclr_w                            0x080035f9   Thumb Code    78  rt_memclr_w.o(.text)
    _memset_w                                0x080035fd   Thumb Code     0  rt_memclr_w.o(.text)
    __use_two_region_memory                  0x08003647   Thumb Code     2  heapauxi.o(.text)
    __rt_heap_escrow$2region                 0x08003649   Thumb Code     2  heapauxi.o(.text)
    __rt_heap_expand$2region                 0x0800364b   Thumb Code     2  heapauxi.o(.text)
    __I$use$semihosting                      0x0800364d   Thumb Code     0  use_no_semi.o(.text)
    __use_no_semihosting_swi                 0x0800364d   Thumb Code     2  use_no_semi.o(.text)
    _printf_pre_padding                      0x0800364f   Thumb Code    44  _printf_pad.o(.text)
    _printf_post_padding                     0x0800367b   Thumb Code    34  _printf_pad.o(.text)
    _printf_truncate_signed                  0x0800369d   Thumb Code    18  _printf_truncate.o(.text)
    _printf_truncate_unsigned                0x080036af   Thumb Code    18  _printf_truncate.o(.text)
    _printf_int_common                       0x080036c1   Thumb Code   178  _printf_intcommon.o(.text)
    _printf_charcount                        0x08003773   Thumb Code    40  _printf_charcount.o(.text)
    _printf_char_common                      0x080037a7   Thumb Code    32  _printf_char_common.o(.text)
    _sputc                                   0x080037cd   Thumb Code    10  _sputc.o(.text)
    _printf_cs_common                        0x080037d7   Thumb Code    20  _printf_char.o(.text)
    _printf_char                             0x080037eb   Thumb Code    16  _printf_char.o(.text)
    _printf_string                           0x080037fb   Thumb Code     8  _printf_char.o(.text)
    _printf_char_file                        0x08003805   Thumb Code    32  _printf_char_file.o(.text)
    _printf_wctomb                           0x08003829   Thumb Code   182  _printf_wctomb.o(.text)
    _printf_longlong_dec                     0x080038e5   Thumb Code   108  _printf_longlong_dec.o(.text)
    _printf_longlong_oct                     0x08003961   Thumb Code    68  _printf_oct_int_ll.o(.text)
    _printf_int_oct                          0x080039a5   Thumb Code    24  _printf_oct_int_ll.o(.text)
    _printf_ll_oct                           0x080039bd   Thumb Code    12  _printf_oct_int_ll.o(.text)
    _printf_longlong_hex                     0x080039d1   Thumb Code    86  _printf_hex_int_ll_ptr.o(.text)
    _printf_int_hex                          0x08003a27   Thumb Code    28  _printf_hex_int_ll_ptr.o(.text)
    _printf_ll_hex                           0x08003a43   Thumb Code    12  _printf_hex_int_ll_ptr.o(.text)
    _printf_hex_ptr                          0x08003a4f   Thumb Code    18  _printf_hex_int_ll_ptr.o(.text)
    _chval                                   0x08003a65   Thumb Code    28  _chval.o(.text)
    __vfscanf_char                           0x08003a8d   Thumb Code    24  scanf_char.o(.text)
    _sgetc                                   0x08003aad   Thumb Code    30  _sgetc.o(.text)
    _sbackspace                              0x08003acb   Thumb Code    34  _sgetc.o(.text)
    __aeabi_memcpy4                          0x08003aed   Thumb Code     0  rt_memcpy_w.o(.text)
    __aeabi_memcpy8                          0x08003aed   Thumb Code     0  rt_memcpy_w.o(.text)
    __rt_memcpy_w                            0x08003aed   Thumb Code   100  rt_memcpy_w.o(.text)
    _memcpy_lastbytes_aligned                0x08003b35   Thumb Code     0  rt_memcpy_w.o(.text)
    _ll_udiv10                               0x08003b51   Thumb Code   138  lludiv10.o(.text)
    isspace                                  0x08003bdb   Thumb Code    18  isspace.o(.text)
    __lib_sel_fp_printf                      0x08003bed   Thumb Code     2  _printf_fp_dec.o(.text)
    _printf_fp_dec_real                      0x08003d9b   Thumb Code   620  _printf_fp_dec.o(.text)
    _printf_fp_hex_real                      0x08004009   Thumb Code   754  _printf_fp_hex.o(.text)
    _printf_lcs_common                       0x08004305   Thumb Code    20  _printf_wchar.o(.text)
    _printf_wchar                            0x08004319   Thumb Code    16  _printf_wchar.o(.text)
    _printf_wstring                          0x08004329   Thumb Code     8  _printf_wchar.o(.text)
    __vfscanf                                0x08004331   Thumb Code   878  _scanf.o(.text)
    ferror                                   0x080046a5   Thumb Code     8  ferror.o(.text)
    _wcrtomb                                 0x080046ad   Thumb Code    64  _wcrtomb.o(.text)
    __user_setup_stackheap                   0x080046ed   Thumb Code    74  sys_stackheap_outer.o(.text)
    __rt_ctype_table                         0x08004739   Thumb Code    16  rt_ctype_table.o(.text)
    __rt_locale                              0x08004749   Thumb Code     8  rt_locale_intlibspace.o(.text)
    _printf_fp_infnan                        0x08004751   Thumb Code   112  _printf_fp_infnan.o(.text)
    _btod_etento                             0x080047d1   Thumb Code   216  bigflt0.o(.text)
    exit                                     0x080048ad   Thumb Code    12  exit.o(.text)
    __user_libspace                          0x080048b9   Thumb Code     8  libspace.o(.text)
    __user_perproc_libspace                  0x080048b9   Thumb Code     0  libspace.o(.text)
    __user_perthread_libspace                0x080048b9   Thumb Code     0  libspace.o(.text)
    strcmp                                   0x080048c1   Thumb Code   128  strcmpv7m.o(.text)
    _btod_d2e                                0x08004941   Thumb Code    62  btod.o(CL$$btod_d2e)
    _d2e_denorm_low                          0x0800497f   Thumb Code    70  btod.o(CL$$btod_d2e_denorm_low)
    _d2e_norm_op1                            0x080049c5   Thumb Code    96  btod.o(CL$$btod_d2e_norm_op1)
    __btod_div_common                        0x08004a25   Thumb Code   696  btod.o(CL$$btod_div_common)
    _e2e                                     0x08004d5d   Thumb Code   198  btod.o(CL$$btod_e2e)
    _btod_ediv                               0x08004e23   Thumb Code    40  btod.o(CL$$btod_ediv)
    _btod_emul                               0x08004e4b   Thumb Code    40  btod.o(CL$$btod_emul)
    __btod_mult_common                       0x08004e73   Thumb Code   580  btod.o(CL$$btod_mult_common)
    __ARM_fpclassify                         0x080050b7   Thumb Code    40  fpclassify.o(i.__ARM_fpclassify)
    _is_digit                                0x080050df   Thumb Code    14  __printf_wp.o(i._is_digit)
    _get_lc_numeric                          0x080050ed   Thumb Code    44  lc_numeric_c.o(locale$$code)
    _get_lc_ctype                            0x08005119   Thumb Code    44  lc_ctype_c.o(locale$$code)
    _printf_fp_dec                           0x08005145   Thumb Code     4  printf1.o(x$fpl$printf1)
    _printf_fp_hex                           0x08005149   Thumb Code     4  printf2.o(x$fpl$printf2)
    __I$use$fp                               0x0800514c   Number         0  usenofp.o(x$fpl$usenofp)
    Region$$Table$$Base                      0x08005298   Number         0  anon$$obj.o(Region$$Table)
    Region$$Table$$Limit                     0x080052b8   Number         0  anon$$obj.o(Region$$Table)
    __ctype                                  0x080052e1   Data           0  lc_ctype_c.o(locale$$data)
    Time_Cont                                0x20000000   Data           4  main.o(.data)
    OneNetServer                             0x20000004   Data          17  main.o(.data)
    device_id                                0x20000015   Data          10  main.o(.data)
    API_KEY                                  0x2000001f   Data          29  main.o(.data)
    sensor_gps                               0x2000003c   Data           9  main.o(.data)
    count                                    0x20000048   Data           4  main.o(.data)
    SystemCoreClock                          0x2000004c   Data           4  system_stm32f10x.o(.data)
    AHBPrescTable                            0x20000050   Data          16  system_stm32f10x.o(.data)
    point2                                   0x20000060   Data           2  usart2.o(.data)
    USART2_RX_STA                            0x20000062   Data           2  usart2.o(.data)
    rxdatabufer                              0x2000007c   Data           1  usart.o(.data)
    point1                                   0x2000007e   Data           2  usart.o(.data)
    __stdout                                 0x20000080   Data           4  usart.o(.data)
    USART_RX_STA                             0x20000084   Data           2  usart.o(.data)
    USART2_TX_BUF                            0x20000088   Data         600  usart2.o(.bss)
    USART2_RX_BUF                            0x200002e0   Data         600  usart2.o(.bss)
    Save_Data                                0x20000538   Data         121  usart.o(.bss)
    USART_RX_BUF                             0x200005b1   Data         200  usart.o(.bss)
    __libspace_start                         0x2000067c   Data          96  libspace.o(.bss)
    __temporary_stack_top$libspace           0x200006dc   Data           0  libspace.o(.bss)



==============================================================================

Memory Map of the image

  Image Entry point : 0x080000ed

  Load Region LR_IROM1 (Base: 0x08000000, Size: 0x0000546c, Max: 0x00040000, ABSOLUTE)

    Execution Region ER_IROM1 (Base: 0x08000000, Size: 0x000053e4, Max: 0x00040000, ABSOLUTE)

    Base Addr    Size         Type   Attr      Idx    E Section Name        Object

    0x08000000   0x000000ec   Data   RO          183    RESET               startup_stm32f10x_md.o
    0x080000ec   0x00000008   Code   RO          376  * !!!main             c_w.l(__main.o)
    0x080000f4   0x00000034   Code   RO          683    !!!scatter          c_w.l(__scatter.o)
    0x08000128   0x0000001a   Code   RO          685    !!handler_copy      c_w.l(__scatter_copy.o)
    0x08000142   0x00000002   PAD
    0x08000144   0x0000001c   Code   RO          687    !!handler_zi        c_w.l(__scatter_zi.o)
    0x08000160   0x00000000   Code   RO          355    .ARM.Collect$$_printf_percent$$00000000  c_w.l(_printf_percent.o)
    0x08000160   0x00000006   Code   RO          430    .ARM.Collect$$_printf_percent$$00000001  c_w.l(_printf_n.o)
    0x08000166   0x00000006   Code   RO          432    .ARM.Collect$$_printf_percent$$00000002  c_w.l(_printf_p.o)
    0x0800016c   0x00000006   Code   RO          436    .ARM.Collect$$_printf_percent$$00000003  c_w.l(_printf_f.o)
    0x08000172   0x00000006   Code   RO          437    .ARM.Collect$$_printf_percent$$00000004  c_w.l(_printf_e.o)
    0x08000178   0x00000006   Code   RO          438    .ARM.Collect$$_printf_percent$$00000005  c_w.l(_printf_g.o)
    0x0800017e   0x00000006   Code   RO          439    .ARM.Collect$$_printf_percent$$00000006  c_w.l(_printf_a.o)
    0x08000184   0x0000000a   Code   RO          444    .ARM.Collect$$_printf_percent$$00000007  c_w.l(_printf_ll.o)
    0x0800018e   0x00000006   Code   RO          434    .ARM.Collect$$_printf_percent$$00000008  c_w.l(_printf_i.o)
    0x08000194   0x00000006   Code   RO          354    .ARM.Collect$$_printf_percent$$00000009  c_w.l(_printf_d.o)
    0x0800019a   0x00000006   Code   RO          435    .ARM.Collect$$_printf_percent$$0000000A  c_w.l(_printf_u.o)
    0x080001a0   0x00000006   Code   RO          433    .ARM.Collect$$_printf_percent$$0000000B  c_w.l(_printf_o.o)
    0x080001a6   0x00000006   Code   RO          431    .ARM.Collect$$_printf_percent$$0000000C  c_w.l(_printf_x.o)
    0x080001ac   0x00000006   Code   RO          441    .ARM.Collect$$_printf_percent$$0000000D  c_w.l(_printf_lli.o)
    0x080001b2   0x00000006   Code   RO          442    .ARM.Collect$$_printf_percent$$0000000E  c_w.l(_printf_lld.o)
    0x080001b8   0x00000006   Code   RO          443    .ARM.Collect$$_printf_percent$$0000000F  c_w.l(_printf_llu.o)
    0x080001be   0x00000006   Code   RO          448    .ARM.Collect$$_printf_percent$$00000010  c_w.l(_printf_llo.o)
    0x080001c4   0x00000006   Code   RO          449    .ARM.Collect$$_printf_percent$$00000011  c_w.l(_printf_llx.o)
    0x080001ca   0x0000000a   Code   RO          445    .ARM.Collect$$_printf_percent$$00000012  c_w.l(_printf_l.o)
    0x080001d4   0x00000006   Code   RO          429    .ARM.Collect$$_printf_percent$$00000013  c_w.l(_printf_c.o)
    0x080001da   0x00000006   Code   RO          353    .ARM.Collect$$_printf_percent$$00000014  c_w.l(_printf_s.o)
    0x080001e0   0x00000006   Code   RO          446    .ARM.Collect$$_printf_percent$$00000015  c_w.l(_printf_lc.o)
    0x080001e6   0x00000006   Code   RO          447    .ARM.Collect$$_printf_percent$$00000016  c_w.l(_printf_ls.o)
    0x080001ec   0x00000004   Code   RO          440    .ARM.Collect$$_printf_percent$$00000017  c_w.l(_printf_percent_end.o)
    0x080001f0   0x00000002   Code   RO          548    .ARM.Collect$$libinit$$00000000  c_w.l(libinit.o)
    0x080001f2   0x00000000   Code   RO          565    .ARM.Collect$$libinit$$00000002  c_w.l(libinit2.o)
    0x080001f2   0x00000000   Code   RO          567    .ARM.Collect$$libinit$$00000004  c_w.l(libinit2.o)
    0x080001f2   0x00000000   Code   RO          570    .ARM.Collect$$libinit$$0000000A  c_w.l(libinit2.o)
    0x080001f2   0x00000000   Code   RO          572    .ARM.Collect$$libinit$$0000000C  c_w.l(libinit2.o)
    0x080001f2   0x00000000   Code   RO          574    .ARM.Collect$$libinit$$0000000E  c_w.l(libinit2.o)
    0x080001f2   0x00000006   Code   RO          575    .ARM.Collect$$libinit$$0000000F  c_w.l(libinit2.o)
    0x080001f8   0x00000000   Code   RO          577    .ARM.Collect$$libinit$$00000011  c_w.l(libinit2.o)
    0x080001f8   0x0000000c   Code   RO          578    .ARM.Collect$$libinit$$00000012  c_w.l(libinit2.o)
    0x08000204   0x00000000   Code   RO          579    .ARM.Collect$$libinit$$00000013  c_w.l(libinit2.o)
    0x08000204   0x00000000   Code   RO          581    .ARM.Collect$$libinit$$00000015  c_w.l(libinit2.o)
    0x08000204   0x0000000a   Code   RO          582    .ARM.Collect$$libinit$$00000016  c_w.l(libinit2.o)
    0x0800020e   0x00000000   Code   RO          583    .ARM.Collect$$libinit$$00000017  c_w.l(libinit2.o)
    0x0800020e   0x00000000   Code   RO          585    .ARM.Collect$$libinit$$00000019  c_w.l(libinit2.o)
    0x0800020e   0x00000000   Code   RO          587    .ARM.Collect$$libinit$$0000001B  c_w.l(libinit2.o)
    0x0800020e   0x00000000   Code   RO          589    .ARM.Collect$$libinit$$0000001D  c_w.l(libinit2.o)
    0x0800020e   0x00000000   Code   RO          591    .ARM.Collect$$libinit$$0000001F  c_w.l(libinit2.o)
    0x0800020e   0x00000000   Code   RO          593    .ARM.Collect$$libinit$$00000021  c_w.l(libinit2.o)
    0x0800020e   0x00000000   Code   RO          595    .ARM.Collect$$libinit$$00000023  c_w.l(libinit2.o)
    0x0800020e   0x00000000   Code   RO          597    .ARM.Collect$$libinit$$00000025  c_w.l(libinit2.o)
    0x0800020e   0x00000000   Code   RO          601    .ARM.Collect$$libinit$$0000002C  c_w.l(libinit2.o)
    0x0800020e   0x00000000   Code   RO          603    .ARM.Collect$$libinit$$0000002E  c_w.l(libinit2.o)
    0x0800020e   0x00000000   Code   RO          605    .ARM.Collect$$libinit$$00000030  c_w.l(libinit2.o)
    0x0800020e   0x00000000   Code   RO          607    .ARM.Collect$$libinit$$00000032  c_w.l(libinit2.o)
    0x0800020e   0x00000002   Code   RO          608    .ARM.Collect$$libinit$$00000033  c_w.l(libinit2.o)
    0x08000210   0x00000002   Code   RO          626    .ARM.Collect$$libshutdown$$00000000  c_w.l(libshutdown.o)
    0x08000212   0x00000000   Code   RO          637    .ARM.Collect$$libshutdown$$00000003  c_w.l(libshutdown2.o)
    0x08000212   0x00000000   Code   RO          640    .ARM.Collect$$libshutdown$$00000006  c_w.l(libshutdown2.o)
    0x08000212   0x00000000   Code   RO          643    .ARM.Collect$$libshutdown$$00000009  c_w.l(libshutdown2.o)
    0x08000212   0x00000000   Code   RO          645    .ARM.Collect$$libshutdown$$0000000B  c_w.l(libshutdown2.o)
    0x08000212   0x00000000   Code   RO          648    .ARM.Collect$$libshutdown$$0000000E  c_w.l(libshutdown2.o)
    0x08000212   0x00000002   Code   RO          649    .ARM.Collect$$libshutdown$$0000000F  c_w.l(libshutdown2.o)
    0x08000214   0x00000000   Code   RO          380    .ARM.Collect$$rtentry$$00000000  c_w.l(__rtentry.o)
    0x08000214   0x00000000   Code   RO          467    .ARM.Collect$$rtentry$$00000002  c_w.l(__rtentry2.o)
    0x08000214   0x00000006   Code   RO          479    .ARM.Collect$$rtentry$$00000004  c_w.l(__rtentry4.o)
    0x0800021a   0x00000000   Code   RO          469    .ARM.Collect$$rtentry$$00000009  c_w.l(__rtentry2.o)
    0x0800021a   0x00000004   Code   RO          470    .ARM.Collect$$rtentry$$0000000A  c_w.l(__rtentry2.o)
    0x0800021e   0x00000000   Code   RO          472    .ARM.Collect$$rtentry$$0000000C  c_w.l(__rtentry2.o)
    0x0800021e   0x00000008   Code   RO          473    .ARM.Collect$$rtentry$$0000000D  c_w.l(__rtentry2.o)
    0x08000226   0x00000002   Code   RO          557    .ARM.Collect$$rtexit$$00000000  c_w.l(rtexit.o)
    0x08000228   0x00000000   Code   RO          610    .ARM.Collect$$rtexit$$00000002  c_w.l(rtexit2.o)
    0x08000228   0x00000004   Code   RO          611    .ARM.Collect$$rtexit$$00000003  c_w.l(rtexit2.o)
    0x0800022c   0x00000006   Code   RO          612    .ARM.Collect$$rtexit$$00000004  c_w.l(rtexit2.o)
    0x08000232   0x00000002   PAD
    0x08000234   0x000009e8   Code   RO            1    .text               main.o
    0x08000c1c   0x00000018   Code   RO           79    .text               stm32f10x_it.o
    0x08000c34   0x000001e0   Code   RO           94    .text               system_stm32f10x.o
    0x08000e14   0x00000038   Code   RO          112    .text               led.o
    0x08000e4c   0x00000284   Code   RO          144    .text               usart2.o
    0x080010d0   0x00000040   Code   RO          184    .text               startup_stm32f10x_md.o
    0x08001110   0x000000dc   Code   RO          188    .text               misc.o
    0x080011ec   0x0000035c   Code   RO          200    .text               stm32f10x_gpio.o
    0x08001548   0x000003a4   Code   RO          212    .text               stm32f10x_rcc.o
    0x080018ec   0x00000408   Code   RO          226    .text               stm32f10x_usart.o
    0x08001cf4   0x00000254   Code   RO          238    .text               stm32f10x_dma.o
    0x08001f48   0x00000e1a   Code   RO          250    .text               stm32f10x_tim.o
    0x08002d62   0x00000002   PAD
    0x08002d64   0x000000d4   Code   RO          262    .text               delay.o
    0x08002e38   0x0000000c   Code   RO          276    .text               sys.o
    0x08002e44   0x000001c4   Code   RO          288    .text               usart.o
    0x08003008   0x00000002   Code   RO          313    .text               c_w.l(use_no_semi_2.o)
    0x0800300a   0x00000002   PAD
    0x0800300c   0x00000018   Code   RO          315    .text               c_w.l(printf.o)
    0x08003024   0x00000024   Code   RO          317    .text               c_w.l(vsprintf.o)
    0x08003048   0x00000018   Code   RO          319    .text               c_w.l(__2printf.o)
    0x08003060   0x0000002c   Code   RO          321    .text               c_w.l(__2sprintf.o)
    0x0800308c   0x00000052   Code   RO          329    .text               c_w.l(_printf_str.o)
    0x080030de   0x00000002   PAD
    0x080030e0   0x00000078   Code   RO          331    .text               c_w.l(_printf_dec.o)
    0x08003158   0x00000188   Code   RO          350    .text               c_w.l(__printf_flags_ss_wp.o)
    0x080032e0   0x0000003c   Code   RO          356    .text               c_w.l(__0sscanf.o)
    0x0800331c   0x0000014c   Code   RO          358    .text               c_w.l(_scanf_int.o)
    0x08003468   0x00000024   Code   RO          360    .text               c_w.l(strstr.o)
    0x0800348c   0x00000048   Code   RO          362    .text               c_w.l(strcpy.o)
    0x080034d4   0x0000003e   Code   RO          364    .text               c_w.l(strlen.o)
    0x08003512   0x00000018   Code   RO          366    .text               c_w.l(strcat.o)
    0x0800352a   0x0000008a   Code   RO          368    .text               c_w.l(rt_memcpy_v6.o)
    0x080035b4   0x00000044   Code   RO          370    .text               c_w.l(rt_memclr.o)
    0x080035f8   0x0000004e   Code   RO          372    .text               c_w.l(rt_memclr_w.o)
    0x08003646   0x00000006   Code   RO          374    .text               c_w.l(heapauxi.o)
    0x0800364c   0x00000002   Code   RO          378    .text               c_w.l(use_no_semi.o)
    0x0800364e   0x0000004e   Code   RO          381    .text               c_w.l(_printf_pad.o)
    0x0800369c   0x00000024   Code   RO          383    .text               c_w.l(_printf_truncate.o)
    0x080036c0   0x000000b2   Code   RO          385    .text               c_w.l(_printf_intcommon.o)
    0x08003772   0x00000028   Code   RO          387    .text               c_w.l(_printf_charcount.o)
    0x0800379a   0x00000002   PAD
    0x0800379c   0x00000030   Code   RO          389    .text               c_w.l(_printf_char_common.o)
    0x080037cc   0x0000000a   Code   RO          391    .text               c_w.l(_sputc.o)
    0x080037d6   0x0000002c   Code   RO          393    .text               c_w.l(_printf_char.o)
    0x08003802   0x00000002   PAD
    0x08003804   0x00000024   Code   RO          395    .text               c_w.l(_printf_char_file.o)
    0x08003828   0x000000bc   Code   RO          397    .text               c_w.l(_printf_wctomb.o)
    0x080038e4   0x0000007c   Code   RO          400    .text               c_w.l(_printf_longlong_dec.o)
    0x08003960   0x00000070   Code   RO          406    .text               c_w.l(_printf_oct_int_ll.o)
    0x080039d0   0x00000094   Code   RO          426    .text               c_w.l(_printf_hex_int_ll_ptr.o)
    0x08003a64   0x0000001c   Code   RO          450    .text               c_w.l(_chval.o)
    0x08003a80   0x0000002c   Code   RO          452    .text               c_w.l(scanf_char.o)
    0x08003aac   0x00000040   Code   RO          454    .text               c_w.l(_sgetc.o)
    0x08003aec   0x00000064   Code   RO          456    .text               c_w.l(rt_memcpy_w.o)
    0x08003b50   0x0000008a   Code   RO          481    .text               c_w.l(lludiv10.o)
    0x08003bda   0x00000012   Code   RO          483    .text               c_w.l(isspace.o)
    0x08003bec   0x0000041a   Code   RO          485    .text               c_w.l(_printf_fp_dec.o)
    0x08004006   0x00000002   PAD
    0x08004008   0x000002fc   Code   RO          487    .text               c_w.l(_printf_fp_hex.o)
    0x08004304   0x0000002c   Code   RO          492    .text               c_w.l(_printf_wchar.o)
    0x08004330   0x00000374   Code   RO          494    .text               c_w.l(_scanf.o)
    0x080046a4   0x00000008   Code   RO          496    .text               c_w.l(ferror.o)
    0x080046ac   0x00000040   Code   RO          500    .text               c_w.l(_wcrtomb.o)
    0x080046ec   0x0000004a   Code   RO          502    .text               c_w.l(sys_stackheap_outer.o)
    0x08004736   0x00000002   PAD
    0x08004738   0x00000010   Code   RO          504    .text               c_w.l(rt_ctype_table.o)
    0x08004748   0x00000008   Code   RO          509    .text               c_w.l(rt_locale_intlibspace.o)
    0x08004750   0x00000080   Code   RO          511    .text               c_w.l(_printf_fp_infnan.o)
    0x080047d0   0x000000dc   Code   RO          513    .text               c_w.l(bigflt0.o)
    0x080048ac   0x0000000c   Code   RO          541    .text               c_w.l(exit.o)
    0x080048b8   0x00000008   Code   RO          554    .text               c_w.l(libspace.o)
    0x080048c0   0x00000080   Code   RO          562    .text               c_w.l(strcmpv7m.o)
    0x08004940   0x0000003e   Code   RO          516    CL$$btod_d2e        c_w.l(btod.o)
    0x0800497e   0x00000046   Code   RO          518    CL$$btod_d2e_denorm_low  c_w.l(btod.o)
    0x080049c4   0x00000060   Code   RO          517    CL$$btod_d2e_norm_op1  c_w.l(btod.o)
    0x08004a24   0x00000338   Code   RO          526    CL$$btod_div_common  c_w.l(btod.o)
    0x08004d5c   0x000000c6   Code   RO          523    CL$$btod_e2e        c_w.l(btod.o)
    0x08004e22   0x00000028   Code   RO          520    CL$$btod_ediv       c_w.l(btod.o)
    0x08004e4a   0x00000028   Code   RO          519    CL$$btod_emul       c_w.l(btod.o)
    0x08004e72   0x00000244   Code   RO          525    CL$$btod_mult_common  c_w.l(btod.o)
    0x080050b6   0x00000028   Code   RO          552    i.__ARM_fpclassify  m_ws.l(fpclassify.o)
    0x080050de   0x0000000e   Code   RO          343    i._is_digit         c_w.l(__printf_wp.o)
    0x080050ec   0x0000002c   Code   RO          539    locale$$code        c_w.l(lc_numeric_c.o)
    0x08005118   0x0000002c   Code   RO          560    locale$$code        c_w.l(lc_ctype_c.o)
    0x08005144   0x00000004   Code   RO          458    x$fpl$printf1       fz_ws.l(printf1.o)
    0x08005148   0x00000004   Code   RO          460    x$fpl$printf2       fz_ws.l(printf2.o)
    0x0800514c   0x00000000   Code   RO          551    x$fpl$usenofp       fz_ws.l(usenofp.o)
    0x0800514c   0x00000002   Data   RO            2    .constdata          main.o
    0x0800514e   0x00000011   Data   RO          351    .constdata          c_w.l(__printf_flags_ss_wp.o)
    0x0800515f   0x00000001   PAD
    0x08005160   0x00000008   Data   RO          398    .constdata          c_w.l(_printf_wctomb.o)
    0x08005168   0x00000028   Data   RO          427    .constdata          c_w.l(_printf_hex_int_ll_ptr.o)
    0x08005190   0x00000026   Data   RO          488    .constdata          c_w.l(_printf_fp_hex.o)
    0x080051b6   0x00000002   PAD
    0x080051b8   0x00000094   Data   RO          514    .constdata          c_w.l(bigflt0.o)
    0x0800524c   0x0000004b   Data   RO            3    .conststring        main.o
    0x08005297   0x00000001   PAD
    0x08005298   0x00000020   Data   RO          681    Region$$Table       anon$$obj.o
    0x080052b8   0x0000001c   Data   RO          538    locale$$data        c_w.l(lc_numeric_c.o)
    0x080052d4   0x00000110   Data   RO          559    locale$$data        c_w.l(lc_ctype_c.o)


    Execution Region RW_IRAM1 (Base: 0x20000000, Size: 0x00000ce0, Max: 0x0000c000, ABSOLUTE)

    Base Addr    Size         Type   Attr      Idx    E Section Name        Object

    0x20000000   0x0000004c   Data   RW            4    .data               main.o
    0x2000004c   0x00000014   Data   RW           95    .data               system_stm32f10x.o
    0x20000060   0x00000004   Data   RW          146    .data               usart2.o
    0x20000064   0x00000014   Data   RW          213    .data               stm32f10x_rcc.o
    0x20000078   0x00000004   Data   RW          263    .data               delay.o
    0x2000007c   0x0000000a   Data   RW          290    .data               usart.o
    0x20000086   0x00000002   PAD
    0x20000088   0x000004b0   Zero   RW          145    .bss                usart2.o
    0x20000538   0x00000141   Zero   RW          289    .bss                usart.o
    0x20000679   0x00000003   PAD
    0x2000067c   0x00000060   Zero   RW          555    .bss                c_w.l(libspace.o)
    0x200006dc   0x00000004   PAD
    0x200006e0   0x00000200   Zero   RW          182    HEAP                startup_stm32f10x_md.o
    0x200008e0   0x00000400   Zero   RW          181    STACK               startup_stm32f10x_md.o


==============================================================================

Image component sizes


      Code (inc. data)   RO Data    RW Data    ZI Data      Debug   Object Name

         0          0          0          0          0         32   core_cm3.o
       212         18          0          4          0       1235   delay.o
        56          6          0          0          0     205578   led.o
      2536        700         77         76          0      64215   main.o
       220         22          0          0          0       1997   misc.o
        64         26        236          0       1536        884   startup_stm32f10x_md.o
       596          8          0          0          0       4526   stm32f10x_dma.o
       860         38          0          0          0       5845   stm32f10x_gpio.o
        24          0          0          0          0       1202   stm32f10x_it.o
       932         36          0         20          0       9124   stm32f10x_rcc.o
      3610         88          0          0          0      22328   stm32f10x_tim.o
      1032         22          0          0          0       8568   stm32f10x_usart.o
        12          0          0          0          0        561   sys.o
       480         38          0         20          0       2067   system_stm32f10x.o
       452         22          0         10        321       4946   usart.o
       644         34          0          4       1200       4091   usart2.o

    ----------------------------------------------------------------------
     11732       1058        346        136       3060     337199   Object Totals
         0          0         32          0          0          0   (incl. Generated)
         2          0          1          2          3          0   (incl. Padding)

    ----------------------------------------------------------------------

      Code (inc. data)   RO Data    RW Data    ZI Data      Debug   Library Member Name

        60          8          0          0          0         84   __0sscanf.o
        24          4          0          0          0         84   __2printf.o
        44          6          0          0          0         84   __2sprintf.o
         8          0          0          0          0         68   __main.o
       392          4         17          0          0         92   __printf_flags_ss_wp.o
        14          0          0          0          0         68   __printf_wp.o
         0          0          0          0          0          0   __rtentry.o
        12          0          0          0          0          0   __rtentry2.o
         6          0          0          0          0          0   __rtentry4.o
        52          8          0          0          0          0   __scatter.o
        26          0          0          0          0          0   __scatter_copy.o
        28          0          0          0          0          0   __scatter_zi.o
        28          0          0          0          0         68   _chval.o
         6          0          0          0          0          0   _printf_a.o
         6          0          0          0          0          0   _printf_c.o
        44          0          0          0          0        108   _printf_char.o
        48          6          0          0          0         96   _printf_char_common.o
        36          4          0          0          0         80   _printf_char_file.o
        40          0          0          0          0         68   _printf_charcount.o
         6          0          0          0          0          0   _printf_d.o
       120         16          0          0          0         92   _printf_dec.o
         6          0          0          0          0          0   _printf_e.o
         6          0          0          0          0          0   _printf_f.o
      1050          0          0          0          0        216   _printf_fp_dec.o
       764         10         38          0          0        100   _printf_fp_hex.o
       128         16          0          0          0         84   _printf_fp_infnan.o
         6          0          0          0          0          0   _printf_g.o
       148          4         40          0          0        160   _printf_hex_int_ll_ptr.o
         6          0          0          0          0          0   _printf_i.o
       178          0          0          0          0         88   _printf_intcommon.o
        10          0          0          0          0          0   _printf_l.o
         6          0          0          0          0          0   _printf_lc.o
        10          0          0          0          0          0   _printf_ll.o
         6          0          0          0          0          0   _printf_lld.o
         6          0          0          0          0          0   _printf_lli.o
         6          0          0          0          0          0   _printf_llo.o
         6          0          0          0          0          0   _printf_llu.o
         6          0          0          0          0          0   _printf_llx.o
       124         16          0          0          0         92   _printf_longlong_dec.o
         6          0          0          0          0          0   _printf_ls.o
         6          0          0          0          0          0   _printf_n.o
         6          0          0          0          0          0   _printf_o.o
       112          8          0          0          0        124   _printf_oct_int_ll.o
         6          0          0          0          0          0   _printf_p.o
        78          0          0          0          0        108   _printf_pad.o
         0          0          0          0          0          0   _printf_percent.o
         4          0          0          0          0          0   _printf_percent_end.o
         6          0          0          0          0          0   _printf_s.o
        82          0          0          0          0         80   _printf_str.o
        36          0          0          0          0         84   _printf_truncate.o
         6          0          0          0          0          0   _printf_u.o
        44          0          0          0          0        108   _printf_wchar.o
       188          6          8          0          0         92   _printf_wctomb.o
         6          0          0          0          0          0   _printf_x.o
       884          6          0          0          0        100   _scanf.o
       332          0          0          0          0         96   _scanf_int.o
        64          0          0          0          0         84   _sgetc.o
        10          0          0          0          0         68   _sputc.o
        64          0          0          0          0         92   _wcrtomb.o
       220          4        148          0          0         96   bigflt0.o
      1910        128          0          0          0        672   btod.o
        12          0          0          0          0         72   exit.o
         8          0          0          0          0         68   ferror.o
         6          0          0          0          0        152   heapauxi.o
        18          0          0          0          0         76   isspace.o
        44         10        272          0          0         76   lc_ctype_c.o
        44         10         28          0          0         76   lc_numeric_c.o
         2          0          0          0          0          0   libinit.o
        30          0          0          0          0          0   libinit2.o
         2          0          0          0          0          0   libshutdown.o
         2          0          0          0          0          0   libshutdown2.o
         8          4          0          0         96         68   libspace.o
       138          0          0          0          0         80   lludiv10.o
        24          4          0          0          0         84   printf.o
        16          4          0          0          0         76   rt_ctype_table.o
         8          4          0          0          0         68   rt_locale_intlibspace.o
        68          0          0          0          0         68   rt_memclr.o
        78          0          0          0          0         80   rt_memclr_w.o
       138          0          0          0          0         68   rt_memcpy_v6.o
       100          0          0          0          0         80   rt_memcpy_w.o
         2          0          0          0          0          0   rtexit.o
        10          0          0          0          0          0   rtexit2.o
        44          8          0          0          0         84   scanf_char.o
        24          0          0          0          0         68   strcat.o
       128          0          0          0          0         68   strcmpv7m.o
        72          0          0          0          0         80   strcpy.o
        62          0          0          0          0         76   strlen.o
        36          0          0          0          0         80   strstr.o
        74          0          0          0          0         80   sys_stackheap_outer.o
         2          0          0          0          0         68   use_no_semi.o
         2          0          0          0          0         68   use_no_semi_2.o
        36          4          0          0          0         76   vsprintf.o
         4          0          0          0          0         68   printf1.o
         4          0          0          0          0         68   printf2.o
         0          0          0          0          0          0   usenofp.o
        40          0          0          0          0         68   fpclassify.o

    ----------------------------------------------------------------------
      8844        302        554          0        100       5680   Library Totals
        16          0          3          0          4          0   (incl. Padding)

    ----------------------------------------------------------------------

      Code (inc. data)   RO Data    RW Data    ZI Data      Debug   Library Name

      8780        302        551          0         96       5476   c_w.l
         8          0          0          0          0        136   fz_ws.l
        40          0          0          0          0         68   m_ws.l

    ----------------------------------------------------------------------
      8844        302        554          0        100       5680   Library Totals

    ----------------------------------------------------------------------

==============================================================================


      Code (inc. data)   RO Data    RW Data    ZI Data      Debug   

     20576       1360        900        136       3160     338351   Grand Totals
     20576       1360        900        136       3160     338351   ELF Image Totals
     20576       1360        900        136          0          0   ROM Totals

==============================================================================

    Total RO  Size (Code + RO Data)                21476 (  20.97kB)
    Total RW  Size (RW Data + ZI Data)              3296 (   3.22kB)
    Total ROM Size (Code + RO Data + RW Data)      21612 (  21.11kB)

==============================================================================

